[    0.000000] Initializing cgroup subsys cpuset
[    0.000000] Initializing cgroup subsys cpu
[    0.000000] Initializing cgroup subsys cpuacct
[    0.000000] Linux version 4.4.0-yuguang2 (root@sp19-cs423-061) (gcc version 5.4.0 20160609 (Ubuntu 5.4.0-6ubuntu1~16.04.11) ) #1 SMP Mon Jan 28 02:05:23 CST 2019
[    0.000000] Command line: BOOT_IMAGE=/vmlinuz-4.4.0-yuguang2 root=/dev/mapper/sp19--cs423--061--vg-root ro consoleblank=0 biosdevname=0 net.ifnames=0 quiet nosplash
[    0.000000] KERNEL supported cpus:
[    0.000000]   Intel GenuineIntel
[    0.000000]   AMD AuthenticAMD
[    0.000000]   Centaur CentaurHauls
[    0.000000] Disabled fast string operations
[    0.000000] x86/fpu: xstate_offset[2]:  576, xstate_sizes[2]:  256
[    0.000000] x86/fpu: Supporting XSAVE feature 0x01: 'x87 floating point registers'
[    0.000000] x86/fpu: Supporting XSAVE feature 0x02: 'SSE registers'
[    0.000000] x86/fpu: Supporting XSAVE feature 0x04: 'AVX registers'
[    0.000000] x86/fpu: Enabled xstate features 0x7, context size is 832 bytes, using 'standard' format.
[    0.000000] x86/fpu: Using 'eager' FPU context switches.
[    0.000000] e820: BIOS-provided physical RAM map:
[    0.000000] BIOS-e820: [mem 0x0000000000000000-0x000000000009f3ff] usable
[    0.000000] BIOS-e820: [mem 0x000000000009f400-0x000000000009ffff] reserved
[    0.000000] BIOS-e820: [mem 0x00000000000dc000-0x00000000000fffff] reserved
[    0.000000] BIOS-e820: [mem 0x0000000000100000-0x00000000bfedffff] usable
[    0.000000] BIOS-e820: [mem 0x00000000bfee0000-0x00000000bfefefff] ACPI data
[    0.000000] BIOS-e820: [mem 0x00000000bfeff000-0x00000000bfefffff] ACPI NVS
[    0.000000] BIOS-e820: [mem 0x00000000bff00000-0x00000000bfffffff] usable
[    0.000000] BIOS-e820: [mem 0x00000000f0000000-0x00000000f7ffffff] reserved
[    0.000000] BIOS-e820: [mem 0x00000000fec00000-0x00000000fec0ffff] reserved
[    0.000000] BIOS-e820: [mem 0x00000000fee00000-0x00000000fee00fff] reserved
[    0.000000] BIOS-e820: [mem 0x00000000fffe0000-0x00000000ffffffff] reserved
[    0.000000] BIOS-e820: [mem 0x0000000100000000-0x000000013fffffff] usable
[    0.000000] NX (Execute Disable) protection: active
[    0.000000] SMBIOS 2.7 present.
[    0.000000] DMI: VMware, Inc. VMware Virtual Platform/440BX Desktop Reference Platform, BIOS 6.00 07/28/2017
[    0.000000] Hypervisor detected: VMware
[    0.000000] e820: update [mem 0x00000000-0x00000fff] usable ==> reserved
[    0.000000] e820: remove [mem 0x000a0000-0x000fffff] usable
[    0.000000] e820: last_pfn = 0x140000 max_arch_pfn = 0x400000000
[    0.000000] MTRR default type: uncachable
[    0.000000] MTRR fixed ranges enabled:
[    0.000000]   00000-9FFFF write-back
[    0.000000]   A0000-BFFFF uncachable
[    0.000000]   C0000-CFFFF write-protect
[    0.000000]   D0000-EFFFF uncachable
[    0.000000]   F0000-FFFFF write-protect
[    0.000000] MTRR variable ranges enabled:
[    0.000000]   0 base 000C0000000 mask 7FFC0000000 uncachable
[    0.000000]   1 base 00000000000 mask 7FE00000000 write-back
[    0.000000]   2 disabled
[    0.000000]   3 disabled
[    0.000000]   4 disabled
[    0.000000]   5 disabled
[    0.000000]   6 disabled
[    0.000000]   7 disabled
[    0.000000] x86/PAT: Configuration [0-7]: WB  WC  UC- UC  WB  WC  UC- WT  
[    0.000000] original variable MTRRs
[    0.000000] reg 0, base: 3GB, range: 1GB, type UC
[    0.000000] reg 1, base: 0GB, range: 8GB, type WB
[    0.000000] total RAM covered: 7168M
[    0.000000] Found optimal setting for mtrr clean up
[    0.000000]  gran_size: 64K 	chunk_size: 64K 	num_reg: 3  	lose cover RAM: 0G
[    0.000000] New variable MTRRs
[    0.000000] reg 0, base: 0GB, range: 2GB, type WB
[    0.000000] reg 1, base: 2GB, range: 1GB, type WB
[    0.000000] reg 2, base: 4GB, range: 4GB, type WB
[    0.000000] e820: update [mem 0xc0000000-0xffffffff] usable ==> reserved
[    0.000000] e820: last_pfn = 0xc0000 max_arch_pfn = 0x400000000
[    0.000000] found SMP MP-table at [mem 0x000f6a80-0x000f6a8f] mapped at [ffff8800000f6a80]
[    0.000000] Scanning 1 areas for low memory corruption
[    0.000000] Base memory trampoline at [ffff880000099000] 99000 size 24576
[    0.000000] Using GB pages for direct mapping
[    0.000000] BRK [0x02393000, 0x02393fff] PGTABLE
[    0.000000] BRK [0x02394000, 0x02394fff] PGTABLE
[    0.000000] BRK [0x02395000, 0x02395fff] PGTABLE
[    0.000000] RAMDISK: [mem 0x339ee000-0x35ceefff]
[    0.000000] ACPI: Early table checksum verification disabled
[    0.000000] ACPI: RSDP 0x00000000000F6A10 000024 (v02 PTLTD )
[    0.000000] ACPI: XSDT 0x00000000BFEEFA2B 00005C (v01 INTEL  440BX    06040000 VMW  01324272)
[    0.000000] ACPI: FACP 0x00000000BFEFEE73 0000F4 (v04 INTEL  440BX    06040000 PTL  000F4240)
[    0.000000] ACPI: DSDT 0x00000000BFEEFCED 00F186 (v01 PTLTD  Custom   06040000 MSFT 03000001)
[    0.000000] ACPI: FACS 0x00000000BFEFFFC0 000040
[    0.000000] ACPI: FACS 0x00000000BFEFFFC0 000040
[    0.000000] ACPI: BOOT 0x00000000BFEEFCC5 000028 (v01 PTLTD  $SBFTBL$ 06040000  LTP 00000001)
[    0.000000] ACPI: APIC 0x00000000BFEEFC4B 00007A (v01 PTLTD  ? APIC   06040000  LTP 00000000)
[    0.000000] ACPI: MCFG 0x00000000BFEEFC0F 00003C (v01 PTLTD  $PCITBL$ 06040000  LTP 00000001)
[    0.000000] ACPI: SRAT 0x00000000BFEEFB27 0000E8 (v02 VMWARE MEMPLUG  06040000 VMW  00000001)
[    0.000000] ACPI: HPET 0x00000000BFEEFAEF 000038 (v01 VMWARE VMW HPET 06040000 VMW  00000001)
[    0.000000] ACPI: WAET 0x00000000BFEEFAC7 000028 (v01 VMWARE VMW WAET 06040000 VMW  00000001)
[    0.000000] ACPI: Local APIC address 0xfee00000
[    0.000000] SRAT: PXM 0 -> APIC 0x00 -> Node 0
[    0.000000] SRAT: PXM 0 -> APIC 0x02 -> Node 0
[    0.000000] SRAT: PXM 0 -> APIC 0x04 -> Node 0
[    0.000000] SRAT: PXM 0 -> APIC 0x06 -> Node 0
[    0.000000] SRAT: Node 0 PXM 0 [mem 0x00000000-0x0009ffff]
[    0.000000] SRAT: Node 0 PXM 0 [mem 0x00100000-0xbfffffff]
[    0.000000] SRAT: Node 0 PXM 0 [mem 0x100000000-0x13fffffff]
[    0.000000] NUMA: Node 0 [mem 0x00000000-0x0009ffff] + [mem 0x00100000-0xbfffffff] -> [mem 0x00000000-0xbfffffff]
[    0.000000] NUMA: Node 0 [mem 0x00000000-0xbfffffff] + [mem 0x100000000-0x13fffffff] -> [mem 0x00000000-0x13fffffff]
[    0.000000] NODE_DATA(0) allocated [mem 0x13ffdc000-0x13fffdfff]
[    0.000000] Zone ranges:
[    0.000000]   DMA      [mem 0x0000000000001000-0x0000000000ffffff]
[    0.000000]   DMA32    [mem 0x0000000001000000-0x00000000ffffffff]
[    0.000000]   Normal   [mem 0x0000000100000000-0x000000013fffffff]
[    0.000000] Movable zone start for each node
[    0.000000] Early memory node ranges
[    0.000000]   node   0: [mem 0x0000000000001000-0x000000000009efff]
[    0.000000]   node   0: [mem 0x0000000000100000-0x00000000bfedffff]
[    0.000000]   node   0: [mem 0x00000000bff00000-0x00000000bfffffff]
[    0.000000]   node   0: [mem 0x0000000100000000-0x000000013fffffff]
[    0.000000] Initmem setup node 0 [mem 0x0000000000001000-0x000000013fffffff]
[    0.000000] On node 0 totalpages: 1048446
[    0.000000]   DMA zone: 64 pages used for memmap
[    0.000000]   DMA zone: 21 pages reserved
[    0.000000]   DMA zone: 3998 pages, LIFO batch:0
[    0.000000]   DMA32 zone: 12224 pages used for memmap
[    0.000000]   DMA32 zone: 782304 pages, LIFO batch:31
[    0.000000]   Normal zone: 4096 pages used for memmap
[    0.000000]   Normal zone: 262144 pages, LIFO batch:31
[    0.000000] ACPI: PM-Timer IO Port: 0x1008
[    0.000000] ACPI: Local APIC address 0xfee00000
[    0.000000] ACPI: LAPIC_NMI (acpi_id[0x00] high edge lint[0x1])
[    0.000000] ACPI: LAPIC_NMI (acpi_id[0x01] high edge lint[0x1])
[    0.000000] ACPI: LAPIC_NMI (acpi_id[0x02] high edge lint[0x1])
[    0.000000] ACPI: LAPIC_NMI (acpi_id[0x03] high edge lint[0x1])
[    0.000000] IOAPIC[0]: apic_id 1, version 32, address 0xfec00000, GSI 0-23
[    0.000000] ACPI: INT_SRC_OVR (bus 0 bus_irq 0 global_irq 2 high edge)
[    0.000000] ACPI: IRQ0 used by override.
[    0.000000] ACPI: IRQ9 used by override.
[    0.000000] Using ACPI (MADT) for SMP configuration information
[    0.000000] ACPI: HPET id: 0x8086af01 base: 0xfed00000
[    0.000000] smpboot: Allowing 4 CPUs, 0 hotplug CPUs
[    0.000000] PM: Registered nosave memory: [mem 0x00000000-0x00000fff]
[    0.000000] PM: Registered nosave memory: [mem 0x0009f000-0x0009ffff]
[    0.000000] PM: Registered nosave memory: [mem 0x000a0000-0x000dbfff]
[    0.000000] PM: Registered nosave memory: [mem 0x000dc000-0x000fffff]
[    0.000000] PM: Registered nosave memory: [mem 0xbfee0000-0xbfefefff]
[    0.000000] PM: Registered nosave memory: [mem 0xbfeff000-0xbfefffff]
[    0.000000] PM: Registered nosave memory: [mem 0xc0000000-0xefffffff]
[    0.000000] PM: Registered nosave memory: [mem 0xf0000000-0xf7ffffff]
[    0.000000] PM: Registered nosave memory: [mem 0xf8000000-0xfebfffff]
[    0.000000] PM: Registered nosave memory: [mem 0xfec00000-0xfec0ffff]
[    0.000000] PM: Registered nosave memory: [mem 0xfec10000-0xfedfffff]
[    0.000000] PM: Registered nosave memory: [mem 0xfee00000-0xfee00fff]
[    0.000000] PM: Registered nosave memory: [mem 0xfee01000-0xfffdffff]
[    0.000000] PM: Registered nosave memory: [mem 0xfffe0000-0xffffffff]
[    0.000000] e820: [mem 0xc0000000-0xefffffff] available for PCI devices
[    0.000000] Booting paravirtualized kernel on bare hardware
[    0.000000] clocksource: refined-jiffies: mask: 0xffffffff max_cycles: 0xffffffff, max_idle_ns: 7645519600211568 ns
[    0.000000] setup_percpu: NR_CPUS:8192 nr_cpumask_bits:4 nr_cpu_ids:4 nr_node_ids:1
[    0.000000] PERCPU: Embedded 33 pages/cpu @ffff88013fc00000 s96792 r8192 d30184 u524288
[    0.000000] pcpu-alloc: s96792 r8192 d30184 u524288 alloc=1*2097152
[    0.000000] pcpu-alloc: [0] 0 1 2 3 
[    0.000000] Built 1 zonelists in Node order, mobility grouping on.  Total pages: 1032041
[    0.000000] Policy zone: Normal
[    0.000000] Kernel command line: BOOT_IMAGE=/vmlinuz-4.4.0-yuguang2 root=/dev/mapper/sp19--cs423--061--vg-root ro consoleblank=0 biosdevname=0 net.ifnames=0 quiet nosplash
[    0.000000] PID hash table entries: 4096 (order: 3, 32768 bytes)
[    0.000000] Calgary: detecting Calgary via BIOS EBDA area
[    0.000000] Calgary: Unable to locate Rio Grande table in EBDA - bailing!
[    0.000000] Memory: 4005276K/4193784K available (8449K kernel code, 1495K rwdata, 3892K rodata, 1848K init, 2320K bss, 188508K reserved, 0K cma-reserved)
[    0.000000] SLUB: HWalign=64, Order=0-3, MinObjects=0, CPUs=4, Nodes=1
[    0.000000] Hierarchical RCU implementation.
[    0.000000] 	Build-time adjustment of leaf fanout to 64.
[    0.000000] 	RCU restricting CPUs from NR_CPUS=8192 to nr_cpu_ids=4.
[    0.000000] RCU: Adjusting geometry for rcu_fanout_leaf=64, nr_cpu_ids=4
[    0.000000] NR_IRQS:524544 nr_irqs:456 16
[    0.000000] Console: colour VGA+ 80x25
[    0.000000] console [tty0] enabled
[    0.000000] clocksource: hpet: mask: 0xffffffff max_cycles: 0xffffffff, max_idle_ns: 133484882848 ns
[    0.000000] hpet clockevent registered
[    0.000000] TSC freq read from hypervisor : 2399.998 MHz
[    0.000000] tsc: Detected 2399.998 MHz processor
[    0.000066] Calibrating delay loop (skipped) preset value.. 4799.99 BogoMIPS (lpj=9599992)
[    0.000069] pid_max: default: 32768 minimum: 301
[    0.000075] ACPI: Core revision 20150930
[    0.014971] ACPI: 1 ACPI AML tables successfully acquired and loaded
[    0.014990] Security Framework initialized
[    0.014991] Yama: becoming mindful.
[    0.014998] AppArmor: AppArmor initialized
[    0.015232] Dentry cache hash table entries: 524288 (order: 10, 4194304 bytes)
[    0.015898] Inode-cache hash table entries: 262144 (order: 9, 2097152 bytes)
[    0.016240] Mount-cache hash table entries: 8192 (order: 4, 65536 bytes)
[    0.016245] Mountpoint-cache hash table entries: 8192 (order: 4, 65536 bytes)
[    0.016401] Initializing cgroup subsys io
[    0.016404] Initializing cgroup subsys memory
[    0.016408] Initializing cgroup subsys devices
[    0.016410] Initializing cgroup subsys freezer
[    0.016412] Initializing cgroup subsys net_cls
[    0.016414] Initializing cgroup subsys perf_event
[    0.016415] Initializing cgroup subsys net_prio
[    0.016417] Initializing cgroup subsys hugetlb
[    0.016419] Initializing cgroup subsys pids
[    0.016461] Disabled fast string operations
[    0.016463] CPU: Physical Processor ID: 0
[    0.017224] mce: CPU supports 8 MCE banks
[    0.017278] Last level iTLB entries: 4KB 64, 2MB 8, 4MB 8
[    0.017279] Last level dTLB entries: 4KB 64, 2MB 0, 4MB 0, 1GB 4
[    0.018156] Freeing SMP alternatives memory: 28K (ffffffff82145000 - ffffffff8214c000)
[    0.022707] ftrace: allocating 32125 entries in 126 pages
[    0.045079] x2apic enabled
[    0.045391] Switched APIC routing to physical x2apic.
[    0.046564] ..TIMER: vector=0x30 apic1=0 pin1=2 apic2=-1 pin2=-1
[    0.086363] TSC deadline timer enabled
[    0.086377] smpboot: CPU0: Intel(R) Xeon(R) CPU E5-2680 v4 @ 2.40GHz (family: 0x6, model: 0x4f, stepping: 0x0)
[    0.086423] Performance Events: 16-deep LBR, Broadwell events, core PMU driver.
[    0.086437] perf_event_intel: CPUID marked event: 'cpu cycles' unavailable
[    0.086438] perf_event_intel: CPUID marked event: 'instructions' unavailable
[    0.086438] perf_event_intel: CPUID marked event: 'bus cycles' unavailable
[    0.086439] perf_event_intel: CPUID marked event: 'cache references' unavailable
[    0.086440] perf_event_intel: CPUID marked event: 'cache misses' unavailable
[    0.086441] perf_event_intel: CPUID marked event: 'branch instructions' unavailable
[    0.086441] perf_event_intel: CPUID marked event: 'branch misses' unavailable
[    0.086444] ... version:                1
[    0.086445] ... bit width:              48
[    0.086445] ... generic registers:      4
[    0.086446] ... value mask:             0000ffffffffffff
[    0.086447] ... max period:             000000007fffffff
[    0.086447] ... fixed-purpose events:   0
[    0.086448] ... event mask:             000000000000000f
[    0.087046] NMI watchdog: disabled (cpu0): hardware events not enabled
[    0.087047] NMI watchdog: Shutting down hard lockup detector on all cpus
[    0.087104] x86: Booting SMP configuration:
[    0.087106] .... node  #0, CPUs:      #1
[    0.087942] Disabled fast string operations
[    0.088793]  #2
[    0.089574] Disabled fast string operations
[    0.091214]  #3
[    0.091214] Disabled fast string operations
[    0.091984] Skipped synchronization checks as TSC is reliable.
[    0.091995] x86: Booted up 1 node, 4 CPUs
[    0.091996] smpboot: Total of 4 processors activated (19199.98 BogoMIPS)
[    0.092380] devtmpfs: initialized
[    0.093898] evm: security.selinux
[    0.093899] evm: security.SMACK64
[    0.093899] evm: security.SMACK64EXEC
[    0.093900] evm: security.SMACK64TRANSMUTE
[    0.093900] evm: security.SMACK64MMAP
[    0.093901] evm: security.ima
[    0.093902] evm: security.capability
[    0.093975] PM: Registering ACPI NVS region [mem 0xbfeff000-0xbfefffff] (4096 bytes)
[    0.094045] clocksource: jiffies: mask: 0xffffffff max_cycles: 0xffffffff, max_idle_ns: 7645041785100000 ns
[    0.094141] pinctrl core: initialized pinctrl subsystem
[    0.094284] RTC time: 22:10:17, date: 04/03/19
[    0.094389] NET: Registered protocol family 16
[    0.106431] cpuidle: using governor ladder
[    0.118476] cpuidle: using governor menu
[    0.118480] PCCT header not found.
[    0.118516] Simple Boot Flag at 0x36 set to 0x80
[    0.118553] ACPI: bus type PCI registered
[    0.118554] acpiphp: ACPI Hot Plug PCI Controller Driver version: 0.5
[    0.118704] PCI: MMCONFIG for domain 0000 [bus 00-7f] at [mem 0xf0000000-0xf7ffffff] (base 0xf0000000)
[    0.118706] PCI: MMCONFIG at [mem 0xf0000000-0xf7ffffff] reserved in E820
[    0.118716] PCI: Using configuration type 1 for base access
[    0.131063] ACPI: Added _OSI(Module Device)
[    0.131065] ACPI: Added _OSI(Processor Device)
[    0.131066] ACPI: Added _OSI(3.0 _SCP Extensions)
[    0.131067] ACPI: Added _OSI(Processor Aggregator Device)
[    0.139803] [Firmware Bug]: ACPI: BIOS _OSI(Linux) query ignored
[    0.142034] ACPI: Interpreter enabled
[    0.142041] ACPI Exception: AE_NOT_FOUND, While evaluating Sleep State [\_S2_] (20150930/hwxface-580)
[    0.142044] ACPI Exception: AE_NOT_FOUND, While evaluating Sleep State [\_S3_] (20150930/hwxface-580)
[    0.142050] ACPI: (supports S0 S1 S4 S5)
[    0.142052] ACPI: Using IOAPIC for interrupt routing
[    0.142072] PCI: Using host bridge windows from ACPI; if necessary, use "pci=nocrs" and report a bug
[    0.189077] ACPI: PCI Root Bridge [PCI0] (domain 0000 [bus 00-7f])
[    0.189083] acpi PNP0A03:00: _OSC: OS supports [ExtendedConfig ASPM ClockPM Segments MSI]
[    0.189281] acpi PNP0A03:00: _OSC: platform does not support [AER]
[    0.189460] acpi PNP0A03:00: _OSC: OS now controls [PCIeHotplug PME PCIeCapability]
[    0.191571] PCI host bridge to bus 0000:00
[    0.191576] pci_bus 0000:00: root bus resource [mem 0x000a0000-0x000bffff window]
[    0.191578] pci_bus 0000:00: root bus resource [mem 0x000d0000-0x000d3fff window]
[    0.191579] pci_bus 0000:00: root bus resource [mem 0x000d4000-0x000d7fff window]
[    0.191580] pci_bus 0000:00: root bus resource [mem 0x000d8000-0x000dbfff window]
[    0.191581] pci_bus 0000:00: root bus resource [mem 0xc0000000-0xfebfffff window]
[    0.191583] pci_bus 0000:00: root bus resource [io  0x0000-0x0cf7 window]
[    0.191584] pci_bus 0000:00: root bus resource [io  0x0d00-0xfeff window]
[    0.191585] pci_bus 0000:00: root bus resource [bus 00-7f]
[    0.191637] pci 0000:00:00.0: [8086:7190] type 00 class 0x060000
[    0.192077] pci 0000:00:01.0: [8086:7191] type 01 class 0x060400
[    0.192445] pci 0000:00:07.0: [8086:7110] type 00 class 0x060100
[    0.192947] pci 0000:00:07.1: [8086:7111] type 00 class 0x01018a
[    0.193979] pci 0000:00:07.1: reg 0x20: [io  0x1060-0x106f]
[    0.194385] pci 0000:00:07.1: legacy IDE quirk: reg 0x10: [io  0x01f0-0x01f7]
[    0.194386] pci 0000:00:07.1: legacy IDE quirk: reg 0x14: [io  0x03f6]
[    0.194387] pci 0000:00:07.1: legacy IDE quirk: reg 0x18: [io  0x0170-0x0177]
[    0.194388] pci 0000:00:07.1: legacy IDE quirk: reg 0x1c: [io  0x0376]
[    0.194580] pci 0000:00:07.3: [8086:7113] type 00 class 0x068000
[    0.196037] pci 0000:00:07.3: quirk: [io  0x1000-0x103f] claimed by PIIX4 ACPI
[    0.196047] pci 0000:00:07.3: quirk: [io  0x1040-0x104f] claimed by PIIX4 SMB
[    0.196442] pci 0000:00:07.7: [15ad:0740] type 00 class 0x088000
[    0.197488] pci 0000:00:07.7: reg 0x10: [io  0x1080-0x10bf]
[    0.198167] pci 0000:00:07.7: reg 0x14: [mem 0xfebfe000-0xfebfffff 64bit]
[    0.201262] pci 0000:00:0f.0: [15ad:0405] type 00 class 0x030000
[    0.203326] pci 0000:00:0f.0: reg 0x10: [io  0x1070-0x107f]
[    0.205672] pci 0000:00:0f.0: reg 0x14: [mem 0xe8000000-0xefffffff pref]
[    0.207685] pci 0000:00:0f.0: reg 0x18: [mem 0xfe000000-0xfe7fffff]
[    0.215193] pci 0000:00:0f.0: reg 0x30: [mem 0x00000000-0x00007fff pref]
[    0.215560] pci 0000:00:10.0: [1000:0030] type 00 class 0x010000
[    0.216813] pci 0000:00:10.0: reg 0x10: [io  0x1400-0x14ff]
[    0.217952] pci 0000:00:10.0: reg 0x14: [mem 0xfeba0000-0xfebbffff 64bit]
[    0.219187] pci 0000:00:10.0: reg 0x1c: [mem 0xfebc0000-0xfebdffff 64bit]
[    0.221401] pci 0000:00:10.0: reg 0x30: [mem 0x00000000-0x00003fff pref]
[    0.221666] pci 0000:00:11.0: [15ad:0790] type 01 class 0x060401
[    0.222074] pci 0000:00:11.0: System wakeup disabled by ACPI
[    0.222188] pci 0000:00:15.0: [15ad:07a0] type 01 class 0x060400
[    0.222621] pci 0000:00:15.0: PME# supported from D0 D3hot D3cold
[    0.222785] pci 0000:00:15.0: System wakeup disabled by ACPI
[    0.222875] pci 0000:00:15.1: [15ad:07a0] type 01 class 0x060400
[    0.223301] pci 0000:00:15.1: PME# supported from D0 D3hot D3cold
[    0.223455] pci 0000:00:15.1: System wakeup disabled by ACPI
[    0.223544] pci 0000:00:15.2: [15ad:07a0] type 01 class 0x060400
[    0.223969] pci 0000:00:15.2: PME# supported from D0 D3hot D3cold
[    0.224121] pci 0000:00:15.2: System wakeup disabled by ACPI
[    0.224208] pci 0000:00:15.3: [15ad:07a0] type 01 class 0x060400
[    0.224646] pci 0000:00:15.3: PME# supported from D0 D3hot D3cold
[    0.224806] pci 0000:00:15.3: System wakeup disabled by ACPI
[    0.224904] pci 0000:00:15.4: [15ad:07a0] type 01 class 0x060400
[    0.225331] pci 0000:00:15.4: PME# supported from D0 D3hot D3cold
[    0.225484] pci 0000:00:15.4: System wakeup disabled by ACPI
[    0.225573] pci 0000:00:15.5: [15ad:07a0] type 01 class 0x060400
[    0.225997] pci 0000:00:15.5: PME# supported from D0 D3hot D3cold
[    0.226150] pci 0000:00:15.5: System wakeup disabled by ACPI
[    0.226236] pci 0000:00:15.6: [15ad:07a0] type 01 class 0x060400
[    0.226662] pci 0000:00:15.6: PME# supported from D0 D3hot D3cold
[    0.226815] pci 0000:00:15.6: System wakeup disabled by ACPI
[    0.226904] pci 0000:00:15.7: [15ad:07a0] type 01 class 0x060400
[    0.227331] pci 0000:00:15.7: PME# supported from D0 D3hot D3cold
[    0.227484] pci 0000:00:15.7: System wakeup disabled by ACPI
[    0.227572] pci 0000:00:16.0: [15ad:07a0] type 01 class 0x060400
[    0.227999] pci 0000:00:16.0: PME# supported from D0 D3hot D3cold
[    0.228156] pci 0000:00:16.0: System wakeup disabled by ACPI
[    0.228242] pci 0000:00:16.1: [15ad:07a0] type 01 class 0x060400
[    0.228676] pci 0000:00:16.1: PME# supported from D0 D3hot D3cold
[    0.228828] pci 0000:00:16.1: System wakeup disabled by ACPI
[    0.228928] pci 0000:00:16.2: [15ad:07a0] type 01 class 0x060400
[    0.229362] pci 0000:00:16.2: PME# supported from D0 D3hot D3cold
[    0.229515] pci 0000:00:16.2: System wakeup disabled by ACPI
[    0.229603] pci 0000:00:16.3: [15ad:07a0] type 01 class 0x060400
[    0.230049] pci 0000:00:16.3: PME# supported from D0 D3hot D3cold
[    0.230234] pci 0000:00:16.3: System wakeup disabled by ACPI
[    0.230327] pci 0000:00:16.4: [15ad:07a0] type 01 class 0x060400
[    0.230762] pci 0000:00:16.4: PME# supported from D0 D3hot D3cold
[    0.230916] pci 0000:00:16.4: System wakeup disabled by ACPI
[    0.231008] pci 0000:00:16.5: [15ad:07a0] type 01 class 0x060400
[    0.231435] pci 0000:00:16.5: PME# supported from D0 D3hot D3cold
[    0.231588] pci 0000:00:16.5: System wakeup disabled by ACPI
[    0.231676] pci 0000:00:16.6: [15ad:07a0] type 01 class 0x060400
[    0.232102] pci 0000:00:16.6: PME# supported from D0 D3hot D3cold
[    0.232255] pci 0000:00:16.6: System wakeup disabled by ACPI
[    0.232343] pci 0000:00:16.7: [15ad:07a0] type 01 class 0x060400
[    0.232769] pci 0000:00:16.7: PME# supported from D0 D3hot D3cold
[    0.232928] pci 0000:00:16.7: System wakeup disabled by ACPI
[    0.233018] pci 0000:00:17.0: [15ad:07a0] type 01 class 0x060400
[    0.233444] pci 0000:00:17.0: PME# supported from D0 D3hot D3cold
[    0.233597] pci 0000:00:17.0: System wakeup disabled by ACPI
[    0.233684] pci 0000:00:17.1: [15ad:07a0] type 01 class 0x060400
[    0.234110] pci 0000:00:17.1: PME# supported from D0 D3hot D3cold
[    0.234262] pci 0000:00:17.1: System wakeup disabled by ACPI
[    0.234347] pci 0000:00:17.2: [15ad:07a0] type 01 class 0x060400
[    0.234774] pci 0000:00:17.2: PME# supported from D0 D3hot D3cold
[    0.234927] pci 0000:00:17.2: System wakeup disabled by ACPI
[    0.235015] pci 0000:00:17.3: [15ad:07a0] type 01 class 0x060400
[    0.235441] pci 0000:00:17.3: PME# supported from D0 D3hot D3cold
[    0.235593] pci 0000:00:17.3: System wakeup disabled by ACPI
[    0.235684] pci 0000:00:17.4: [15ad:07a0] type 01 class 0x060400
[    0.236135] pci 0000:00:17.4: PME# supported from D0 D3hot D3cold
[    0.236290] pci 0000:00:17.4: System wakeup disabled by ACPI
[    0.236389] pci 0000:00:17.5: [15ad:07a0] type 01 class 0x060400
[    0.236818] pci 0000:00:17.5: PME# supported from D0 D3hot D3cold
[    0.236979] pci 0000:00:17.5: System wakeup disabled by ACPI
[    0.237069] pci 0000:00:17.6: [15ad:07a0] type 01 class 0x060400
[    0.237496] pci 0000:00:17.6: PME# supported from D0 D3hot D3cold
[    0.237656] pci 0000:00:17.6: System wakeup disabled by ACPI
[    0.237746] pci 0000:00:17.7: [15ad:07a0] type 01 class 0x060400
[    0.238171] pci 0000:00:17.7: PME# supported from D0 D3hot D3cold
[    0.238324] pci 0000:00:17.7: System wakeup disabled by ACPI
[    0.238412] pci 0000:00:18.0: [15ad:07a0] type 01 class 0x060400
[    0.238837] pci 0000:00:18.0: PME# supported from D0 D3hot D3cold
[    0.238989] pci 0000:00:18.0: System wakeup disabled by ACPI
[    0.239076] pci 0000:00:18.1: [15ad:07a0] type 01 class 0x060400
[    0.239502] pci 0000:00:18.1: PME# supported from D0 D3hot D3cold
[    0.239655] pci 0000:00:18.1: System wakeup disabled by ACPI
[    0.239749] pci 0000:00:18.2: [15ad:07a0] type 01 class 0x060400
[    0.240181] pci 0000:00:18.2: PME# supported from D0 D3hot D3cold
[    0.240335] pci 0000:00:18.2: System wakeup disabled by ACPI
[    0.240422] pci 0000:00:18.3: [15ad:07a0] type 01 class 0x060400
[    0.240856] pci 0000:00:18.3: PME# supported from D0 D3hot D3cold
[    0.241016] pci 0000:00:18.3: System wakeup disabled by ACPI
[    0.241105] pci 0000:00:18.4: [15ad:07a0] type 01 class 0x060400
[    0.241533] pci 0000:00:18.4: PME# supported from D0 D3hot D3cold
[    0.241684] pci 0000:00:18.4: System wakeup disabled by ACPI
[    0.241771] pci 0000:00:18.5: [15ad:07a0] type 01 class 0x060400
[    0.242197] pci 0000:00:18.5: PME# supported from D0 D3hot D3cold
[    0.242350] pci 0000:00:18.5: System wakeup disabled by ACPI
[    0.242436] pci 0000:00:18.6: [15ad:07a0] type 01 class 0x060400
[    0.242862] pci 0000:00:18.6: PME# supported from D0 D3hot D3cold
[    0.243014] pci 0000:00:18.6: System wakeup disabled by ACPI
[    0.243101] pci 0000:00:18.7: [15ad:07a0] type 01 class 0x060400
[    0.243527] pci 0000:00:18.7: PME# supported from D0 D3hot D3cold
[    0.243681] pci 0000:00:18.7: System wakeup disabled by ACPI
[    0.244006] pci 0000:00:01.0: PCI bridge to [bus 01]
[    0.244332] acpiphp: Slot [32] registered
[    0.244350] acpiphp: Slot [33] registered
[    0.244367] acpiphp: Slot [34] registered
[    0.244382] acpiphp: Slot [35] registered
[    0.244398] acpiphp: Slot [36] registered
[    0.244415] acpiphp: Slot [37] registered
[    0.244432] acpiphp: Slot [38] registered
[    0.244448] acpiphp: Slot [39] registered
[    0.244465] acpiphp: Slot [40] registered
[    0.244480] acpiphp: Slot [41] registered
[    0.244495] acpiphp: Slot [42] registered
[    0.244511] acpiphp: Slot [43] registered
[    0.244527] acpiphp: Slot [44] registered
[    0.244543] acpiphp: Slot [45] registered
[    0.244560] acpiphp: Slot [46] registered
[    0.244575] acpiphp: Slot [47] registered
[    0.244591] acpiphp: Slot [48] registered
[    0.244606] acpiphp: Slot [49] registered
[    0.244621] acpiphp: Slot [50] registered
[    0.244638] acpiphp: Slot [51] registered
[    0.244653] acpiphp: Slot [52] registered
[    0.244669] acpiphp: Slot [53] registered
[    0.244684] acpiphp: Slot [54] registered
[    0.244699] acpiphp: Slot [55] registered
[    0.244715] acpiphp: Slot [56] registered
[    0.244732] acpiphp: Slot [57] registered
[    0.244748] acpiphp: Slot [58] registered
[    0.244768] acpiphp: Slot [59] registered
[    0.244783] acpiphp: Slot [60] registered
[    0.244799] acpiphp: Slot [61] registered
[    0.244814] acpiphp: Slot [62] registered
[    0.244830] acpiphp: Slot [63] registered
[    0.244908] pci 0000:02:01.0: [15ad:07e0] type 00 class 0x010601
[    0.248642] pci 0000:02:01.0: reg 0x24: [mem 0xfd5ff000-0xfd5fffff]
[    0.249262] pci 0000:02:01.0: reg 0x30: [mem 0x00000000-0x0000ffff pref]
[    0.249454] pci 0000:02:01.0: PME# supported from D3hot
[    0.249633] pci 0000:02:01.0: System wakeup disabled by ACPI
[    0.249853] pci 0000:00:11.0: PCI bridge to [bus 02] (subtractive decode)
[    0.249867] pci 0000:00:11.0:   bridge window [io  0x2000-0x3fff]
[    0.249881] pci 0000:00:11.0:   bridge window [mem 0xfd500000-0xfdffffff]
[    0.249907] pci 0000:00:11.0:   bridge window [mem 0xe7b00000-0xe7ffffff 64bit pref]
[    0.249909] pci 0000:00:11.0:   bridge window [mem 0x000a0000-0x000bffff window] (subtractive decode)
[    0.249911] pci 0000:00:11.0:   bridge window [mem 0x000d0000-0x000d3fff window] (subtractive decode)
[    0.249912] pci 0000:00:11.0:   bridge window [mem 0x000d4000-0x000d7fff window] (subtractive decode)
[    0.249913] pci 0000:00:11.0:   bridge window [mem 0x000d8000-0x000dbfff window] (subtractive decode)
[    0.249914] pci 0000:00:11.0:   bridge window [mem 0xc0000000-0xfebfffff window] (subtractive decode)
[    0.249915] pci 0000:00:11.0:   bridge window [io  0x0000-0x0cf7 window] (subtractive decode)
[    0.249916] pci 0000:00:11.0:   bridge window [io  0x0d00-0xfeff window] (subtractive decode)
[    0.250212] pci 0000:03:00.0: [8086:10d3] type 00 class 0x020000
[    0.252005] pci 0000:03:00.0: reg 0x10: [mem 0xfd4a0000-0xfd4bffff]
[    0.253580] pci 0000:03:00.0: reg 0x14: [mem 0xfd4c0000-0xfd4dffff]
[    0.255139] pci 0000:03:00.0: reg 0x18: [io  0x4000-0x401f]
[    0.256794] pci 0000:03:00.0: reg 0x1c: [mem 0xfd4fc000-0xfd4fffff]
[    0.262079] pci 0000:03:00.0: reg 0x30: [mem 0x00000000-0x0000ffff pref]
[    0.262294] pci 0000:03:00.0: PME# supported from D0 D3hot D3cold
[    0.262437] pci 0000:03:00.0: System wakeup disabled by ACPI
[    0.262573] pci 0000:00:15.0: PCI bridge to [bus 03]
[    0.262587] pci 0000:00:15.0:   bridge window [io  0x4000-0x4fff]
[    0.262601] pci 0000:00:15.0:   bridge window [mem 0xfd400000-0xfd4fffff]
[    0.262858] pci 0000:00:15.1: PCI bridge to [bus 04]
[    0.262871] pci 0000:00:15.1:   bridge window [io  0x8000-0x8fff]
[    0.262885] pci 0000:00:15.1:   bridge window [mem 0xfd000000-0xfd0fffff]
[    0.262911] pci 0000:00:15.1:   bridge window [mem 0xe7700000-0xe77fffff 64bit pref]
[    0.263124] pci 0000:00:15.2: PCI bridge to [bus 05]
[    0.263137] pci 0000:00:15.2:   bridge window [io  0xc000-0xcfff]
[    0.263150] pci 0000:00:15.2:   bridge window [mem 0xfcc00000-0xfccfffff]
[    0.263176] pci 0000:00:15.2:   bridge window [mem 0xe7300000-0xe73fffff 64bit pref]
[    0.263385] pci 0000:00:15.3: PCI bridge to [bus 06]
[    0.263410] pci 0000:00:15.3:   bridge window [mem 0xfc800000-0xfc8fffff]
[    0.263436] pci 0000:00:15.3:   bridge window [mem 0xe6f00000-0xe6ffffff 64bit pref]
[    0.263644] pci 0000:00:15.4: PCI bridge to [bus 07]
[    0.263669] pci 0000:00:15.4:   bridge window [mem 0xfc400000-0xfc4fffff]
[    0.263695] pci 0000:00:15.4:   bridge window [mem 0xe6b00000-0xe6bfffff 64bit pref]
[    0.263906] pci 0000:00:15.5: PCI bridge to [bus 08]
[    0.263931] pci 0000:00:15.5:   bridge window [mem 0xfc000000-0xfc0fffff]
[    0.263956] pci 0000:00:15.5:   bridge window [mem 0xe6700000-0xe67fffff 64bit pref]
[    0.264165] pci 0000:00:15.6: PCI bridge to [bus 09]
[    0.264190] pci 0000:00:15.6:   bridge window [mem 0xfbc00000-0xfbcfffff]
[    0.264216] pci 0000:00:15.6:   bridge window [mem 0xe6300000-0xe63fffff 64bit pref]
[    0.264423] pci 0000:00:15.7: PCI bridge to [bus 0a]
[    0.264449] pci 0000:00:15.7:   bridge window [mem 0xfb800000-0xfb8fffff]
[    0.264474] pci 0000:00:15.7:   bridge window [mem 0xe5f00000-0xe5ffffff 64bit pref]
[    0.264684] pci 0000:00:16.0: PCI bridge to [bus 0b]
[    0.264697] pci 0000:00:16.0:   bridge window [io  0x5000-0x5fff]
[    0.264710] pci 0000:00:16.0:   bridge window [mem 0xfd300000-0xfd3fffff]
[    0.264736] pci 0000:00:16.0:   bridge window [mem 0xe7a00000-0xe7afffff 64bit pref]
[    0.264944] pci 0000:00:16.1: PCI bridge to [bus 0c]
[    0.264957] pci 0000:00:16.1:   bridge window [io  0x9000-0x9fff]
[    0.264970] pci 0000:00:16.1:   bridge window [mem 0xfcf00000-0xfcffffff]
[    0.264996] pci 0000:00:16.1:   bridge window [mem 0xe7600000-0xe76fffff 64bit pref]
[    0.265202] pci 0000:00:16.2: PCI bridge to [bus 0d]
[    0.265215] pci 0000:00:16.2:   bridge window [io  0xd000-0xdfff]
[    0.265228] pci 0000:00:16.2:   bridge window [mem 0xfcb00000-0xfcbfffff]
[    0.265254] pci 0000:00:16.2:   bridge window [mem 0xe7200000-0xe72fffff 64bit pref]
[    0.265462] pci 0000:00:16.3: PCI bridge to [bus 0e]
[    0.265487] pci 0000:00:16.3:   bridge window [mem 0xfc700000-0xfc7fffff]
[    0.265513] pci 0000:00:16.3:   bridge window [mem 0xe6e00000-0xe6efffff 64bit pref]
[    0.265722] pci 0000:00:16.4: PCI bridge to [bus 0f]
[    0.265747] pci 0000:00:16.4:   bridge window [mem 0xfc300000-0xfc3fffff]
[    0.265773] pci 0000:00:16.4:   bridge window [mem 0xe6a00000-0xe6afffff 64bit pref]
[    0.265981] pci 0000:00:16.5: PCI bridge to [bus 10]
[    0.266006] pci 0000:00:16.5:   bridge window [mem 0xfbf00000-0xfbffffff]
[    0.266031] pci 0000:00:16.5:   bridge window [mem 0xe6600000-0xe66fffff 64bit pref]
[    0.266253] pci 0000:00:16.6: PCI bridge to [bus 11]
[    0.266278] pci 0000:00:16.6:   bridge window [mem 0xfbb00000-0xfbbfffff]
[    0.266304] pci 0000:00:16.6:   bridge window [mem 0xe6200000-0xe62fffff 64bit pref]
[    0.266518] pci 0000:00:16.7: PCI bridge to [bus 12]
[    0.266543] pci 0000:00:16.7:   bridge window [mem 0xfb700000-0xfb7fffff]
[    0.266569] pci 0000:00:16.7:   bridge window [mem 0xe5e00000-0xe5efffff 64bit pref]
[    0.266779] pci 0000:00:17.0: PCI bridge to [bus 13]
[    0.266792] pci 0000:00:17.0:   bridge window [io  0x6000-0x6fff]
[    0.266805] pci 0000:00:17.0:   bridge window [mem 0xfd200000-0xfd2fffff]
[    0.266831] pci 0000:00:17.0:   bridge window [mem 0xe7900000-0xe79fffff 64bit pref]
[    0.267039] pci 0000:00:17.1: PCI bridge to [bus 14]
[    0.267052] pci 0000:00:17.1:   bridge window [io  0xa000-0xafff]
[    0.267065] pci 0000:00:17.1:   bridge window [mem 0xfce00000-0xfcefffff]
[    0.267091] pci 0000:00:17.1:   bridge window [mem 0xe7500000-0xe75fffff 64bit pref]
[    0.267299] pci 0000:00:17.2: PCI bridge to [bus 15]
[    0.267312] pci 0000:00:17.2:   bridge window [io  0xe000-0xefff]
[    0.267326] pci 0000:00:17.2:   bridge window [mem 0xfca00000-0xfcafffff]
[    0.267351] pci 0000:00:17.2:   bridge window [mem 0xe7100000-0xe71fffff 64bit pref]
[    0.267579] pci 0000:00:17.3: PCI bridge to [bus 16]
[    0.267604] pci 0000:00:17.3:   bridge window [mem 0xfc600000-0xfc6fffff]
[    0.267630] pci 0000:00:17.3:   bridge window [mem 0xe6d00000-0xe6dfffff 64bit pref]
[    0.267839] pci 0000:00:17.4: PCI bridge to [bus 17]
[    0.267864] pci 0000:00:17.4:   bridge window [mem 0xfc200000-0xfc2fffff]
[    0.267889] pci 0000:00:17.4:   bridge window [mem 0xe6900000-0xe69fffff 64bit pref]
[    0.268100] pci 0000:00:17.5: PCI bridge to [bus 18]
[    0.268125] pci 0000:00:17.5:   bridge window [mem 0xfbe00000-0xfbefffff]
[    0.268151] pci 0000:00:17.5:   bridge window [mem 0xe6500000-0xe65fffff 64bit pref]
[    0.268381] pci 0000:00:17.6: PCI bridge to [bus 19]
[    0.268406] pci 0000:00:17.6:   bridge window [mem 0xfba00000-0xfbafffff]
[    0.268432] pci 0000:00:17.6:   bridge window [mem 0xe6100000-0xe61fffff 64bit pref]
[    0.268643] pci 0000:00:17.7: PCI bridge to [bus 1a]
[    0.268668] pci 0000:00:17.7:   bridge window [mem 0xfb600000-0xfb6fffff]
[    0.268694] pci 0000:00:17.7:   bridge window [mem 0xe5d00000-0xe5dfffff 64bit pref]
[    0.268903] pci 0000:00:18.0: PCI bridge to [bus 1b]
[    0.268917] pci 0000:00:18.0:   bridge window [io  0x7000-0x7fff]
[    0.268930] pci 0000:00:18.0:   bridge window [mem 0xfd100000-0xfd1fffff]
[    0.268955] pci 0000:00:18.0:   bridge window [mem 0xe7800000-0xe78fffff 64bit pref]
[    0.269165] pci 0000:00:18.1: PCI bridge to [bus 1c]
[    0.269178] pci 0000:00:18.1:   bridge window [io  0xb000-0xbfff]
[    0.269191] pci 0000:00:18.1:   bridge window [mem 0xfcd00000-0xfcdfffff]
[    0.269217] pci 0000:00:18.1:   bridge window [mem 0xe7400000-0xe74fffff 64bit pref]
[    0.269425] pci 0000:00:18.2: PCI bridge to [bus 1d]
[    0.269451] pci 0000:00:18.2:   bridge window [mem 0xfc900000-0xfc9fffff]
[    0.269476] pci 0000:00:18.2:   bridge window [mem 0xe7000000-0xe70fffff 64bit pref]
[    0.269685] pci 0000:00:18.3: PCI bridge to [bus 1e]
[    0.269710] pci 0000:00:18.3:   bridge window [mem 0xfc500000-0xfc5fffff]
[    0.269735] pci 0000:00:18.3:   bridge window [mem 0xe6c00000-0xe6cfffff 64bit pref]
[    0.269946] pci 0000:00:18.4: PCI bridge to [bus 1f]
[    0.269971] pci 0000:00:18.4:   bridge window [mem 0xfc100000-0xfc1fffff]
[    0.269996] pci 0000:00:18.4:   bridge window [mem 0xe6800000-0xe68fffff 64bit pref]
[    0.270215] pci 0000:00:18.5: PCI bridge to [bus 20]
[    0.270241] pci 0000:00:18.5:   bridge window [mem 0xfbd00000-0xfbdfffff]
[    0.270266] pci 0000:00:18.5:   bridge window [mem 0xe6400000-0xe64fffff 64bit pref]
[    0.270486] pci 0000:00:18.6: PCI bridge to [bus 21]
[    0.270511] pci 0000:00:18.6:   bridge window [mem 0xfb900000-0xfb9fffff]
[    0.270537] pci 0000:00:18.6:   bridge window [mem 0xe6000000-0xe60fffff 64bit pref]
[    0.270752] pci 0000:00:18.7: PCI bridge to [bus 22]
[    0.270777] pci 0000:00:18.7:   bridge window [mem 0xfb500000-0xfb5fffff]
[    0.270803] pci 0000:00:18.7:   bridge window [mem 0xe5c00000-0xe5cfffff 64bit pref]
[    0.272297] ACPI: PCI Interrupt Link [LNKA] (IRQs 3 4 5 6 7 *9 10 11 14 15)
[    0.272371] ACPI: PCI Interrupt Link [LNKB] (IRQs 3 4 5 6 7 9 10 *11 14 15)
[    0.272440] ACPI: PCI Interrupt Link [LNKC] (IRQs 3 4 5 6 *7 9 10 11 14 15)
[    0.272508] ACPI: PCI Interrupt Link [LNKD] (IRQs 3 4 5 6 7 9 *10 11 14 15)
[    0.278985] ACPI: Enabled 2 GPEs in block 00 to 0F
[    0.279189] vgaarb: setting as boot device: PCI:0000:00:0f.0
[    0.279191] vgaarb: device added: PCI:0000:00:0f.0,decodes=io+mem,owns=io+mem,locks=none
[    0.279196] vgaarb: loaded
[    0.279198] vgaarb: bridge control possible 0000:00:0f.0
[    0.279414] SCSI subsystem initialized
[    0.279487] libata version 3.00 loaded.
[    0.279510] ACPI: bus type USB registered
[    0.279524] usbcore: registered new interface driver usbfs
[    0.279532] usbcore: registered new interface driver hub
[    0.279551] usbcore: registered new device driver usb
[    0.279721] PCI: Using ACPI for IRQ routing
[    0.297523] PCI: pci_cache_line_size set to 64 bytes
[    0.298099] e820: reserve RAM buffer [mem 0x0009f400-0x0009ffff]
[    0.298101] e820: reserve RAM buffer [mem 0xbfee0000-0xbfffffff]
[    0.298255] NetLabel: Initializing
[    0.298256] NetLabel:  domain hash size = 128
[    0.298257] NetLabel:  protocols = UNLABELED CIPSOv4
[    0.298266] NetLabel:  unlabeled traffic allowed by default
[    0.298440] hpet0: at MMIO 0xfed00000, IRQs 2, 8, 0, 0, 0, 0, 0, 0, 0, 0, 0, 0, 0, 0, 0, 0
[    0.298447] hpet0: 16 comparators, 64-bit 14.318180 MHz counter
[    0.300557] clocksource: Switched to clocksource hpet
[    0.306950] AppArmor: AppArmor Filesystem Enabled
[    0.307009] pnp: PnP ACPI init
[    0.307230] system 00:00: [io  0x1000-0x103f] could not be reserved
[    0.307232] system 00:00: [io  0x1040-0x104f] has been reserved
[    0.307234] system 00:00: [io  0x0cf0-0x0cf1] has been reserved
[    0.307238] system 00:00: Plug and Play ACPI device, IDs PNP0c02 (active)
[    0.307266] pnp 00:01: Plug and Play ACPI device, IDs PNP0b00 (active)
[    0.307287] pnp 00:02: Plug and Play ACPI device, IDs PNP0303 (active)
[    0.307305] pnp 00:03: Plug and Play ACPI device, IDs VMW0003 PNP0f13 (active)
[    0.307483] system 00:04: [mem 0xfed00000-0xfed003ff] has been reserved
[    0.307485] system 00:04: Plug and Play ACPI device, IDs PNP0103 PNP0c01 (active)
[    0.309050] pnp 00:05: [dma 2]
[    0.309088] pnp 00:05: Plug and Play ACPI device, IDs PNP0700 (active)
[    0.309294] system 00:06: [io  0xfce0-0xfcff] has been reserved
[    0.309296] system 00:06: [mem 0xf0000000-0xf7ffffff] has been reserved
[    0.309298] system 00:06: [mem 0xfe800000-0xfe9fffff] has been reserved
[    0.309300] system 00:06: Plug and Play ACPI device, IDs PNP0c02 (active)
[    0.313460] pnp: PnP ACPI: found 7 devices
[    0.320316] clocksource: acpi_pm: mask: 0xffffff max_cycles: 0xffffff, max_idle_ns: 2085701024 ns
[    0.320423] pci 0000:00:15.0: bridge window [mem 0x00100000-0x000fffff 64bit pref] to [bus 03] add_size 200000 add_align 100000
[    0.320541] pci 0000:00:15.3: bridge window [io  0x1000-0x0fff] to [bus 06] add_size 1000
[    0.320588] pci 0000:00:15.4: bridge window [io  0x1000-0x0fff] to [bus 07] add_size 1000
[    0.320626] pci 0000:00:15.5: bridge window [io  0x1000-0x0fff] to [bus 08] add_size 1000
[    0.320665] pci 0000:00:15.6: bridge window [io  0x1000-0x0fff] to [bus 09] add_size 1000
[    0.320703] pci 0000:00:15.7: bridge window [io  0x1000-0x0fff] to [bus 0a] add_size 1000
[    0.320851] pci 0000:00:16.3: bridge window [io  0x1000-0x0fff] to [bus 0e] add_size 1000
[    0.320889] pci 0000:00:16.4: bridge window [io  0x1000-0x0fff] to [bus 0f] add_size 1000
[    0.320927] pci 0000:00:16.5: bridge window [io  0x1000-0x0fff] to [bus 10] add_size 1000
[    0.320965] pci 0000:00:16.6: bridge window [io  0x1000-0x0fff] to [bus 11] add_size 1000
[    0.321003] pci 0000:00:16.7: bridge window [io  0x1000-0x0fff] to [bus 12] add_size 1000
[    0.321150] pci 0000:00:17.3: bridge window [io  0x1000-0x0fff] to [bus 16] add_size 1000
[    0.321188] pci 0000:00:17.4: bridge window [io  0x1000-0x0fff] to [bus 17] add_size 1000
[    0.321226] pci 0000:00:17.5: bridge window [io  0x1000-0x0fff] to [bus 18] add_size 1000
[    0.321264] pci 0000:00:17.6: bridge window [io  0x1000-0x0fff] to [bus 19] add_size 1000
[    0.321301] pci 0000:00:17.7: bridge window [io  0x1000-0x0fff] to [bus 1a] add_size 1000
[    0.321412] pci 0000:00:18.2: bridge window [io  0x1000-0x0fff] to [bus 1d] add_size 1000
[    0.321455] pci 0000:00:18.3: bridge window [io  0x1000-0x0fff] to [bus 1e] add_size 1000
[    0.321502] pci 0000:00:18.4: bridge window [io  0x1000-0x0fff] to [bus 1f] add_size 1000
[    0.321543] pci 0000:00:18.5: bridge window [io  0x1000-0x0fff] to [bus 20] add_size 1000
[    0.321581] pci 0000:00:18.6: bridge window [io  0x1000-0x0fff] to [bus 21] add_size 1000
[    0.321619] pci 0000:00:18.7: bridge window [io  0x1000-0x0fff] to [bus 22] add_size 1000
[    0.321632] pci 0000:00:15.0: res[15]=[mem 0x00100000-0x000fffff 64bit pref] res_to_dev_res add_size 200000 min_align 100000
[    0.321633] pci 0000:00:15.0: res[15]=[mem 0x00100000-0x002fffff 64bit pref] res_to_dev_res add_size 200000 min_align 100000
[    0.321634] pci 0000:00:15.3: res[13]=[io  0x1000-0x0fff] res_to_dev_res add_size 1000 min_align 1000
[    0.321636] pci 0000:00:15.3: res[13]=[io  0x1000-0x1fff] res_to_dev_res add_size 1000 min_align 1000
[    0.321637] pci 0000:00:15.4: res[13]=[io  0x1000-0x0fff] res_to_dev_res add_size 1000 min_align 1000
[    0.321638] pci 0000:00:15.4: res[13]=[io  0x1000-0x1fff] res_to_dev_res add_size 1000 min_align 1000
[    0.321639] pci 0000:00:15.5: res[13]=[io  0x1000-0x0fff] res_to_dev_res add_size 1000 min_align 1000
[    0.321640] pci 0000:00:15.5: res[13]=[io  0x1000-0x1fff] res_to_dev_res add_size 1000 min_align 1000
[    0.321641] pci 0000:00:15.6: res[13]=[io  0x1000-0x0fff] res_to_dev_res add_size 1000 min_align 1000
[    0.321642] pci 0000:00:15.6: res[13]=[io  0x1000-0x1fff] res_to_dev_res add_size 1000 min_align 1000
[    0.321644] pci 0000:00:15.7: res[13]=[io  0x1000-0x0fff] res_to_dev_res add_size 1000 min_align 1000
[    0.321645] pci 0000:00:15.7: res[13]=[io  0x1000-0x1fff] res_to_dev_res add_size 1000 min_align 1000
[    0.321646] pci 0000:00:16.3: res[13]=[io  0x1000-0x0fff] res_to_dev_res add_size 1000 min_align 1000
[    0.321647] pci 0000:00:16.3: res[13]=[io  0x1000-0x1fff] res_to_dev_res add_size 1000 min_align 1000
[    0.321648] pci 0000:00:16.4: res[13]=[io  0x1000-0x0fff] res_to_dev_res add_size 1000 min_align 1000
[    0.321649] pci 0000:00:16.4: res[13]=[io  0x1000-0x1fff] res_to_dev_res add_size 1000 min_align 1000
[    0.321650] pci 0000:00:16.5: res[13]=[io  0x1000-0x0fff] res_to_dev_res add_size 1000 min_align 1000
[    0.321651] pci 0000:00:16.5: res[13]=[io  0x1000-0x1fff] res_to_dev_res add_size 1000 min_align 1000
[    0.321653] pci 0000:00:16.6: res[13]=[io  0x1000-0x0fff] res_to_dev_res add_size 1000 min_align 1000
[    0.321654] pci 0000:00:16.6: res[13]=[io  0x1000-0x1fff] res_to_dev_res add_size 1000 min_align 1000
[    0.321655] pci 0000:00:16.7: res[13]=[io  0x1000-0x0fff] res_to_dev_res add_size 1000 min_align 1000
[    0.321656] pci 0000:00:16.7: res[13]=[io  0x1000-0x1fff] res_to_dev_res add_size 1000 min_align 1000
[    0.321657] pci 0000:00:17.3: res[13]=[io  0x1000-0x0fff] res_to_dev_res add_size 1000 min_align 1000
[    0.321658] pci 0000:00:17.3: res[13]=[io  0x1000-0x1fff] res_to_dev_res add_size 1000 min_align 1000
[    0.321659] pci 0000:00:17.4: res[13]=[io  0x1000-0x0fff] res_to_dev_res add_size 1000 min_align 1000
[    0.321660] pci 0000:00:17.4: res[13]=[io  0x1000-0x1fff] res_to_dev_res add_size 1000 min_align 1000
[    0.321661] pci 0000:00:17.5: res[13]=[io  0x1000-0x0fff] res_to_dev_res add_size 1000 min_align 1000
[    0.321662] pci 0000:00:17.5: res[13]=[io  0x1000-0x1fff] res_to_dev_res add_size 1000 min_align 1000
[    0.321663] pci 0000:00:17.6: res[13]=[io  0x1000-0x0fff] res_to_dev_res add_size 1000 min_align 1000
[    0.321664] pci 0000:00:17.6: res[13]=[io  0x1000-0x1fff] res_to_dev_res add_size 1000 min_align 1000
[    0.321665] pci 0000:00:17.7: res[13]=[io  0x1000-0x0fff] res_to_dev_res add_size 1000 min_align 1000
[    0.321666] pci 0000:00:17.7: res[13]=[io  0x1000-0x1fff] res_to_dev_res add_size 1000 min_align 1000
[    0.321667] pci 0000:00:18.2: res[13]=[io  0x1000-0x0fff] res_to_dev_res add_size 1000 min_align 1000
[    0.321668] pci 0000:00:18.2: res[13]=[io  0x1000-0x1fff] res_to_dev_res add_size 1000 min_align 1000
[    0.321669] pci 0000:00:18.3: res[13]=[io  0x1000-0x0fff] res_to_dev_res add_size 1000 min_align 1000
[    0.321670] pci 0000:00:18.3: res[13]=[io  0x1000-0x1fff] res_to_dev_res add_size 1000 min_align 1000
[    0.321671] pci 0000:00:18.4: res[13]=[io  0x1000-0x0fff] res_to_dev_res add_size 1000 min_align 1000
[    0.321672] pci 0000:00:18.4: res[13]=[io  0x1000-0x1fff] res_to_dev_res add_size 1000 min_align 1000
[    0.321673] pci 0000:00:18.5: res[13]=[io  0x1000-0x0fff] res_to_dev_res add_size 1000 min_align 1000
[    0.321674] pci 0000:00:18.5: res[13]=[io  0x1000-0x1fff] res_to_dev_res add_size 1000 min_align 1000
[    0.321675] pci 0000:00:18.6: res[13]=[io  0x1000-0x0fff] res_to_dev_res add_size 1000 min_align 1000
[    0.321676] pci 0000:00:18.6: res[13]=[io  0x1000-0x1fff] res_to_dev_res add_size 1000 min_align 1000
[    0.321677] pci 0000:00:18.7: res[13]=[io  0x1000-0x0fff] res_to_dev_res add_size 1000 min_align 1000
[    0.321678] pci 0000:00:18.7: res[13]=[io  0x1000-0x1fff] res_to_dev_res add_size 1000 min_align 1000
[    0.321684] pci 0000:00:15.0: BAR 15: assigned [mem 0xc0000000-0xc01fffff 64bit pref]
[    0.321687] pci 0000:00:0f.0: BAR 6: assigned [mem 0xc0200000-0xc0207fff pref]
[    0.321689] pci 0000:00:10.0: BAR 6: assigned [mem 0xc0208000-0xc020bfff pref]
[    0.321692] pci 0000:00:15.3: BAR 13: no space for [io  size 0x1000]
[    0.321694] pci 0000:00:15.3: BAR 13: failed to assign [io  size 0x1000]
[    0.321695] pci 0000:00:15.4: BAR 13: no space for [io  size 0x1000]
[    0.321696] pci 0000:00:15.4: BAR 13: failed to assign [io  size 0x1000]
[    0.321698] pci 0000:00:15.5: BAR 13: no space for [io  size 0x1000]
[    0.321699] pci 0000:00:15.5: BAR 13: failed to assign [io  size 0x1000]
[    0.321700] pci 0000:00:15.6: BAR 13: no space for [io  size 0x1000]
[    0.321701] pci 0000:00:15.6: BAR 13: failed to assign [io  size 0x1000]
[    0.321703] pci 0000:00:15.7: BAR 13: no space for [io  size 0x1000]
[    0.321704] pci 0000:00:15.7: BAR 13: failed to assign [io  size 0x1000]
[    0.321705] pci 0000:00:16.3: BAR 13: no space for [io  size 0x1000]
[    0.321706] pci 0000:00:16.3: BAR 13: failed to assign [io  size 0x1000]
[    0.321707] pci 0000:00:16.4: BAR 13: no space for [io  size 0x1000]
[    0.321708] pci 0000:00:16.4: BAR 13: failed to assign [io  size 0x1000]
[    0.321710] pci 0000:00:16.5: BAR 13: no space for [io  size 0x1000]
[    0.321711] pci 0000:00:16.5: BAR 13: failed to assign [io  size 0x1000]
[    0.321712] pci 0000:00:16.6: BAR 13: no space for [io  size 0x1000]
[    0.321713] pci 0000:00:16.6: BAR 13: failed to assign [io  size 0x1000]
[    0.321714] pci 0000:00:16.7: BAR 13: no space for [io  size 0x1000]
[    0.321715] pci 0000:00:16.7: BAR 13: failed to assign [io  size 0x1000]
[    0.321717] pci 0000:00:17.3: BAR 13: no space for [io  size 0x1000]
[    0.321717] pci 0000:00:17.3: BAR 13: failed to assign [io  size 0x1000]
[    0.321719] pci 0000:00:17.4: BAR 13: no space for [io  size 0x1000]
[    0.321720] pci 0000:00:17.4: BAR 13: failed to assign [io  size 0x1000]
[    0.321721] pci 0000:00:17.5: BAR 13: no space for [io  size 0x1000]
[    0.321722] pci 0000:00:17.5: BAR 13: failed to assign [io  size 0x1000]
[    0.321723] pci 0000:00:17.6: BAR 13: no space for [io  size 0x1000]
[    0.321724] pci 0000:00:17.6: BAR 13: failed to assign [io  size 0x1000]
[    0.321726] pci 0000:00:17.7: BAR 13: no space for [io  size 0x1000]
[    0.321727] pci 0000:00:17.7: BAR 13: failed to assign [io  size 0x1000]
[    0.321728] pci 0000:00:18.2: BAR 13: no space for [io  size 0x1000]
[    0.321729] pci 0000:00:18.2: BAR 13: failed to assign [io  size 0x1000]
[    0.321730] pci 0000:00:18.3: BAR 13: no space for [io  size 0x1000]
[    0.321731] pci 0000:00:18.3: BAR 13: failed to assign [io  size 0x1000]
[    0.321733] pci 0000:00:18.4: BAR 13: no space for [io  size 0x1000]
[    0.321733] pci 0000:00:18.4: BAR 13: failed to assign [io  size 0x1000]
[    0.321735] pci 0000:00:18.5: BAR 13: no space for [io  size 0x1000]
[    0.321736] pci 0000:00:18.5: BAR 13: failed to assign [io  size 0x1000]
[    0.321737] pci 0000:00:18.6: BAR 13: no space for [io  size 0x1000]
[    0.321738] pci 0000:00:18.6: BAR 13: failed to assign [io  size 0x1000]
[    0.321739] pci 0000:00:18.7: BAR 13: no space for [io  size 0x1000]
[    0.321740] pci 0000:00:18.7: BAR 13: failed to assign [io  size 0x1000]
[    0.321744] pci 0000:00:18.7: BAR 13: no space for [io  size 0x1000]
[    0.321745] pci 0000:00:18.7: BAR 13: failed to assign [io  size 0x1000]
[    0.321747] pci 0000:00:18.6: BAR 13: no space for [io  size 0x1000]
[    0.321748] pci 0000:00:18.6: BAR 13: failed to assign [io  size 0x1000]
[    0.321749] pci 0000:00:18.5: BAR 13: no space for [io  size 0x1000]
[    0.321750] pci 0000:00:18.5: BAR 13: failed to assign [io  size 0x1000]
[    0.321751] pci 0000:00:18.4: BAR 13: no space for [io  size 0x1000]
[    0.321752] pci 0000:00:18.4: BAR 13: failed to assign [io  size 0x1000]
[    0.321754] pci 0000:00:18.3: BAR 13: no space for [io  size 0x1000]
[    0.321755] pci 0000:00:18.3: BAR 13: failed to assign [io  size 0x1000]
[    0.321756] pci 0000:00:18.2: BAR 13: no space for [io  size 0x1000]
[    0.321757] pci 0000:00:18.2: BAR 13: failed to assign [io  size 0x1000]
[    0.321758] pci 0000:00:17.7: BAR 13: no space for [io  size 0x1000]
[    0.321759] pci 0000:00:17.7: BAR 13: failed to assign [io  size 0x1000]
[    0.321761] pci 0000:00:17.6: BAR 13: no space for [io  size 0x1000]
[    0.321762] pci 0000:00:17.6: BAR 13: failed to assign [io  size 0x1000]
[    0.321763] pci 0000:00:17.5: BAR 13: no space for [io  size 0x1000]
[    0.321764] pci 0000:00:17.5: BAR 13: failed to assign [io  size 0x1000]
[    0.321765] pci 0000:00:17.4: BAR 13: no space for [io  size 0x1000]
[    0.321766] pci 0000:00:17.4: BAR 13: failed to assign [io  size 0x1000]
[    0.321768] pci 0000:00:17.3: BAR 13: no space for [io  size 0x1000]
[    0.321768] pci 0000:00:17.3: BAR 13: failed to assign [io  size 0x1000]
[    0.321770] pci 0000:00:16.7: BAR 13: no space for [io  size 0x1000]
[    0.321771] pci 0000:00:16.7: BAR 13: failed to assign [io  size 0x1000]
[    0.321772] pci 0000:00:16.6: BAR 13: no space for [io  size 0x1000]
[    0.321773] pci 0000:00:16.6: BAR 13: failed to assign [io  size 0x1000]
[    0.321774] pci 0000:00:16.5: BAR 13: no space for [io  size 0x1000]
[    0.321775] pci 0000:00:16.5: BAR 13: failed to assign [io  size 0x1000]
[    0.321777] pci 0000:00:16.4: BAR 13: no space for [io  size 0x1000]
[    0.321778] pci 0000:00:16.4: BAR 13: failed to assign [io  size 0x1000]
[    0.321779] pci 0000:00:16.3: BAR 13: no space for [io  size 0x1000]
[    0.321780] pci 0000:00:16.3: BAR 13: failed to assign [io  size 0x1000]
[    0.321781] pci 0000:00:15.7: BAR 13: no space for [io  size 0x1000]
[    0.321782] pci 0000:00:15.7: BAR 13: failed to assign [io  size 0x1000]
[    0.321784] pci 0000:00:15.6: BAR 13: no space for [io  size 0x1000]
[    0.321784] pci 0000:00:15.6: BAR 13: failed to assign [io  size 0x1000]
[    0.321786] pci 0000:00:15.5: BAR 13: no space for [io  size 0x1000]
[    0.321787] pci 0000:00:15.5: BAR 13: failed to assign [io  size 0x1000]
[    0.321788] pci 0000:00:15.4: BAR 13: no space for [io  size 0x1000]
[    0.321789] pci 0000:00:15.4: BAR 13: failed to assign [io  size 0x1000]
[    0.321790] pci 0000:00:15.3: BAR 13: no space for [io  size 0x1000]
[    0.321791] pci 0000:00:15.3: BAR 13: failed to assign [io  size 0x1000]
[    0.321794] pci 0000:00:01.0: PCI bridge to [bus 01]
[    0.321856] pci 0000:02:01.0: BAR 6: assigned [mem 0xfd500000-0xfd50ffff pref]
[    0.321857] pci 0000:00:11.0: PCI bridge to [bus 02]
[    0.321865] pci 0000:00:11.0:   bridge window [io  0x2000-0x3fff]
[    0.321885] pci 0000:00:11.0:   bridge window [mem 0xfd500000-0xfdffffff]
[    0.321898] pci 0000:00:11.0:   bridge window [mem 0xe7b00000-0xe7ffffff 64bit pref]
[    0.321924] pci 0000:03:00.0: BAR 6: assigned [mem 0xfd400000-0xfd40ffff pref]
[    0.321925] pci 0000:00:15.0: PCI bridge to [bus 03]
[    0.321933] pci 0000:00:15.0:   bridge window [io  0x4000-0x4fff]
[    0.321953] pci 0000:00:15.0:   bridge window [mem 0xfd400000-0xfd4fffff]
[    0.321966] pci 0000:00:15.0:   bridge window [mem 0xc0000000-0xc01fffff 64bit pref]
[    0.322022] pci 0000:00:15.1: PCI bridge to [bus 04]
[    0.322030] pci 0000:00:15.1:   bridge window [io  0x8000-0x8fff]
[    0.322049] pci 0000:00:15.1:   bridge window [mem 0xfd000000-0xfd0fffff]
[    0.322063] pci 0000:00:15.1:   bridge window [mem 0xe7700000-0xe77fffff 64bit pref]
[    0.322094] pci 0000:00:15.2: PCI bridge to [bus 05]
[    0.322101] pci 0000:00:15.2:   bridge window [io  0xc000-0xcfff]
[    0.322120] pci 0000:00:15.2:   bridge window [mem 0xfcc00000-0xfccfffff]
[    0.322134] pci 0000:00:15.2:   bridge window [mem 0xe7300000-0xe73fffff 64bit pref]
[    0.322164] pci 0000:00:15.3: PCI bridge to [bus 06]
[    0.322184] pci 0000:00:15.3:   bridge window [mem 0xfc800000-0xfc8fffff]
[    0.322197] pci 0000:00:15.3:   bridge window [mem 0xe6f00000-0xe6ffffff 64bit pref]
[    0.322227] pci 0000:00:15.4: PCI bridge to [bus 07]
[    0.322247] pci 0000:00:15.4:   bridge window [mem 0xfc400000-0xfc4fffff]
[    0.322261] pci 0000:00:15.4:   bridge window [mem 0xe6b00000-0xe6bfffff 64bit pref]
[    0.322290] pci 0000:00:15.5: PCI bridge to [bus 08]
[    0.322310] pci 0000:00:15.5:   bridge window [mem 0xfc000000-0xfc0fffff]
[    0.322323] pci 0000:00:15.5:   bridge window [mem 0xe6700000-0xe67fffff 64bit pref]
[    0.322353] pci 0000:00:15.6: PCI bridge to [bus 09]
[    0.322373] pci 0000:00:15.6:   bridge window [mem 0xfbc00000-0xfbcfffff]
[    0.322386] pci 0000:00:15.6:   bridge window [mem 0xe6300000-0xe63fffff 64bit pref]
[    0.322416] pci 0000:00:15.7: PCI bridge to [bus 0a]
[    0.322435] pci 0000:00:15.7:   bridge window [mem 0xfb800000-0xfb8fffff]
[    0.322450] pci 0000:00:15.7:   bridge window [mem 0xe5f00000-0xe5ffffff 64bit pref]
[    0.322480] pci 0000:00:16.0: PCI bridge to [bus 0b]
[    0.322488] pci 0000:00:16.0:   bridge window [io  0x5000-0x5fff]
[    0.322507] pci 0000:00:16.0:   bridge window [mem 0xfd300000-0xfd3fffff]
[    0.322521] pci 0000:00:16.0:   bridge window [mem 0xe7a00000-0xe7afffff 64bit pref]
[    0.322551] pci 0000:00:16.1: PCI bridge to [bus 0c]
[    0.322558] pci 0000:00:16.1:   bridge window [io  0x9000-0x9fff]
[    0.322578] pci 0000:00:16.1:   bridge window [mem 0xfcf00000-0xfcffffff]
[    0.322591] pci 0000:00:16.1:   bridge window [mem 0xe7600000-0xe76fffff 64bit pref]
[    0.322621] pci 0000:00:16.2: PCI bridge to [bus 0d]
[    0.322629] pci 0000:00:16.2:   bridge window [io  0xd000-0xdfff]
[    0.322648] pci 0000:00:16.2:   bridge window [mem 0xfcb00000-0xfcbfffff]
[    0.322661] pci 0000:00:16.2:   bridge window [mem 0xe7200000-0xe72fffff 64bit pref]
[    0.322691] pci 0000:00:16.3: PCI bridge to [bus 0e]
[    0.322710] pci 0000:00:16.3:   bridge window [mem 0xfc700000-0xfc7fffff]
[    0.322724] pci 0000:00:16.3:   bridge window [mem 0xe6e00000-0xe6efffff 64bit pref]
[    0.322753] pci 0000:00:16.4: PCI bridge to [bus 0f]
[    0.322772] pci 0000:00:16.4:   bridge window [mem 0xfc300000-0xfc3fffff]
[    0.322786] pci 0000:00:16.4:   bridge window [mem 0xe6a00000-0xe6afffff 64bit pref]
[    0.322815] pci 0000:00:16.5: PCI bridge to [bus 10]
[    0.322835] pci 0000:00:16.5:   bridge window [mem 0xfbf00000-0xfbffffff]
[    0.322848] pci 0000:00:16.5:   bridge window [mem 0xe6600000-0xe66fffff 64bit pref]
[    0.322878] pci 0000:00:16.6: PCI bridge to [bus 11]
[    0.322897] pci 0000:00:16.6:   bridge window [mem 0xfbb00000-0xfbbfffff]
[    0.322911] pci 0000:00:16.6:   bridge window [mem 0xe6200000-0xe62fffff 64bit pref]
[    0.322940] pci 0000:00:16.7: PCI bridge to [bus 12]
[    0.322960] pci 0000:00:16.7:   bridge window [mem 0xfb700000-0xfb7fffff]
[    0.322973] pci 0000:00:16.7:   bridge window [mem 0xe5e00000-0xe5efffff 64bit pref]
[    0.323003] pci 0000:00:17.0: PCI bridge to [bus 13]
[    0.323010] pci 0000:00:17.0:   bridge window [io  0x6000-0x6fff]
[    0.323030] pci 0000:00:17.0:   bridge window [mem 0xfd200000-0xfd2fffff]
[    0.323043] pci 0000:00:17.0:   bridge window [mem 0xe7900000-0xe79fffff 64bit pref]
[    0.323074] pci 0000:00:17.1: PCI bridge to [bus 14]
[    0.323081] pci 0000:00:17.1:   bridge window [io  0xa000-0xafff]
[    0.323100] pci 0000:00:17.1:   bridge window [mem 0xfce00000-0xfcefffff]
[    0.323114] pci 0000:00:17.1:   bridge window [mem 0xe7500000-0xe75fffff 64bit pref]
[    0.323144] pci 0000:00:17.2: PCI bridge to [bus 15]
[    0.323151] pci 0000:00:17.2:   bridge window [io  0xe000-0xefff]
[    0.323170] pci 0000:00:17.2:   bridge window [mem 0xfca00000-0xfcafffff]
[    0.323184] pci 0000:00:17.2:   bridge window [mem 0xe7100000-0xe71fffff 64bit pref]
[    0.323213] pci 0000:00:17.3: PCI bridge to [bus 16]
[    0.323233] pci 0000:00:17.3:   bridge window [mem 0xfc600000-0xfc6fffff]
[    0.323246] pci 0000:00:17.3:   bridge window [mem 0xe6d00000-0xe6dfffff 64bit pref]
[    0.323276] pci 0000:00:17.4: PCI bridge to [bus 17]
[    0.323295] pci 0000:00:17.4:   bridge window [mem 0xfc200000-0xfc2fffff]
[    0.323309] pci 0000:00:17.4:   bridge window [mem 0xe6900000-0xe69fffff 64bit pref]
[    0.323338] pci 0000:00:17.5: PCI bridge to [bus 18]
[    0.323358] pci 0000:00:17.5:   bridge window [mem 0xfbe00000-0xfbefffff]
[    0.323372] pci 0000:00:17.5:   bridge window [mem 0xe6500000-0xe65fffff 64bit pref]
[    0.323402] pci 0000:00:17.6: PCI bridge to [bus 19]
[    0.323421] pci 0000:00:17.6:   bridge window [mem 0xfba00000-0xfbafffff]
[    0.323435] pci 0000:00:17.6:   bridge window [mem 0xe6100000-0xe61fffff 64bit pref]
[    0.323464] pci 0000:00:17.7: PCI bridge to [bus 1a]
[    0.323484] pci 0000:00:17.7:   bridge window [mem 0xfb600000-0xfb6fffff]
[    0.323498] pci 0000:00:17.7:   bridge window [mem 0xe5d00000-0xe5dfffff 64bit pref]
[    0.323527] pci 0000:00:18.0: PCI bridge to [bus 1b]
[    0.323535] pci 0000:00:18.0:   bridge window [io  0x7000-0x7fff]
[    0.323554] pci 0000:00:18.0:   bridge window [mem 0xfd100000-0xfd1fffff]
[    0.323568] pci 0000:00:18.0:   bridge window [mem 0xe7800000-0xe78fffff 64bit pref]
[    0.323597] pci 0000:00:18.1: PCI bridge to [bus 1c]
[    0.323605] pci 0000:00:18.1:   bridge window [io  0xb000-0xbfff]
[    0.323624] pci 0000:00:18.1:   bridge window [mem 0xfcd00000-0xfcdfffff]
[    0.323638] pci 0000:00:18.1:   bridge window [mem 0xe7400000-0xe74fffff 64bit pref]
[    0.323667] pci 0000:00:18.2: PCI bridge to [bus 1d]
[    0.323687] pci 0000:00:18.2:   bridge window [mem 0xfc900000-0xfc9fffff]
[    0.323700] pci 0000:00:18.2:   bridge window [mem 0xe7000000-0xe70fffff 64bit pref]
[    0.323729] pci 0000:00:18.3: PCI bridge to [bus 1e]
[    0.323749] pci 0000:00:18.3:   bridge window [mem 0xfc500000-0xfc5fffff]
[    0.323763] pci 0000:00:18.3:   bridge window [mem 0xe6c00000-0xe6cfffff 64bit pref]
[    0.323792] pci 0000:00:18.4: PCI bridge to [bus 1f]
[    0.323812] pci 0000:00:18.4:   bridge window [mem 0xfc100000-0xfc1fffff]
[    0.323825] pci 0000:00:18.4:   bridge window [mem 0xe6800000-0xe68fffff 64bit pref]
[    0.323855] pci 0000:00:18.5: PCI bridge to [bus 20]
[    0.323874] pci 0000:00:18.5:   bridge window [mem 0xfbd00000-0xfbdfffff]
[    0.323888] pci 0000:00:18.5:   bridge window [mem 0xe6400000-0xe64fffff 64bit pref]
[    0.323917] pci 0000:00:18.6: PCI bridge to [bus 21]
[    0.323937] pci 0000:00:18.6:   bridge window [mem 0xfb900000-0xfb9fffff]
[    0.323951] pci 0000:00:18.6:   bridge window [mem 0xe6000000-0xe60fffff 64bit pref]
[    0.323980] pci 0000:00:18.7: PCI bridge to [bus 22]
[    0.324000] pci 0000:00:18.7:   bridge window [mem 0xfb500000-0xfb5fffff]
[    0.324013] pci 0000:00:18.7:   bridge window [mem 0xe5c00000-0xe5cfffff 64bit pref]
[    0.324044] pci_bus 0000:00: resource 4 [mem 0x000a0000-0x000bffff window]
[    0.324045] pci_bus 0000:00: resource 5 [mem 0x000d0000-0x000d3fff window]
[    0.324046] pci_bus 0000:00: resource 6 [mem 0x000d4000-0x000d7fff window]
[    0.324047] pci_bus 0000:00: resource 7 [mem 0x000d8000-0x000dbfff window]
[    0.324048] pci_bus 0000:00: resource 8 [mem 0xc0000000-0xfebfffff window]
[    0.324049] pci_bus 0000:00: resource 9 [io  0x0000-0x0cf7 window]
[    0.324050] pci_bus 0000:00: resource 10 [io  0x0d00-0xfeff window]
[    0.324052] pci_bus 0000:02: resource 0 [io  0x2000-0x3fff]
[    0.324053] pci_bus 0000:02: resource 1 [mem 0xfd500000-0xfdffffff]
[    0.324054] pci_bus 0000:02: resource 2 [mem 0xe7b00000-0xe7ffffff 64bit pref]
[    0.324055] pci_bus 0000:02: resource 4 [mem 0x000a0000-0x000bffff window]
[    0.324056] pci_bus 0000:02: resource 5 [mem 0x000d0000-0x000d3fff window]
[    0.324057] pci_bus 0000:02: resource 6 [mem 0x000d4000-0x000d7fff window]
[    0.324058] pci_bus 0000:02: resource 7 [mem 0x000d8000-0x000dbfff window]
[    0.324059] pci_bus 0000:02: resource 8 [mem 0xc0000000-0xfebfffff window]
[    0.324060] pci_bus 0000:02: resource 9 [io  0x0000-0x0cf7 window]
[    0.324061] pci_bus 0000:02: resource 10 [io  0x0d00-0xfeff window]
[    0.324062] pci_bus 0000:03: resource 0 [io  0x4000-0x4fff]
[    0.324063] pci_bus 0000:03: resource 1 [mem 0xfd400000-0xfd4fffff]
[    0.324064] pci_bus 0000:03: resource 2 [mem 0xc0000000-0xc01fffff 64bit pref]
[    0.324066] pci_bus 0000:04: resource 0 [io  0x8000-0x8fff]
[    0.324067] pci_bus 0000:04: resource 1 [mem 0xfd000000-0xfd0fffff]
[    0.324068] pci_bus 0000:04: resource 2 [mem 0xe7700000-0xe77fffff 64bit pref]
[    0.324069] pci_bus 0000:05: resource 0 [io  0xc000-0xcfff]
[    0.324070] pci_bus 0000:05: resource 1 [mem 0xfcc00000-0xfccfffff]
[    0.324071] pci_bus 0000:05: resource 2 [mem 0xe7300000-0xe73fffff 64bit pref]
[    0.324072] pci_bus 0000:06: resource 1 [mem 0xfc800000-0xfc8fffff]
[    0.324073] pci_bus 0000:06: resource 2 [mem 0xe6f00000-0xe6ffffff 64bit pref]
[    0.324074] pci_bus 0000:07: resource 1 [mem 0xfc400000-0xfc4fffff]
[    0.324075] pci_bus 0000:07: resource 2 [mem 0xe6b00000-0xe6bfffff 64bit pref]
[    0.324077] pci_bus 0000:08: resource 1 [mem 0xfc000000-0xfc0fffff]
[    0.324078] pci_bus 0000:08: resource 2 [mem 0xe6700000-0xe67fffff 64bit pref]
[    0.324079] pci_bus 0000:09: resource 1 [mem 0xfbc00000-0xfbcfffff]
[    0.324080] pci_bus 0000:09: resource 2 [mem 0xe6300000-0xe63fffff 64bit pref]
[    0.324081] pci_bus 0000:0a: resource 1 [mem 0xfb800000-0xfb8fffff]
[    0.324082] pci_bus 0000:0a: resource 2 [mem 0xe5f00000-0xe5ffffff 64bit pref]
[    0.324083] pci_bus 0000:0b: resource 0 [io  0x5000-0x5fff]
[    0.324084] pci_bus 0000:0b: resource 1 [mem 0xfd300000-0xfd3fffff]
[    0.324085] pci_bus 0000:0b: resource 2 [mem 0xe7a00000-0xe7afffff 64bit pref]
[    0.324086] pci_bus 0000:0c: resource 0 [io  0x9000-0x9fff]
[    0.324087] pci_bus 0000:0c: resource 1 [mem 0xfcf00000-0xfcffffff]
[    0.324088] pci_bus 0000:0c: resource 2 [mem 0xe7600000-0xe76fffff 64bit pref]
[    0.324089] pci_bus 0000:0d: resource 0 [io  0xd000-0xdfff]
[    0.324090] pci_bus 0000:0d: resource 1 [mem 0xfcb00000-0xfcbfffff]
[    0.324091] pci_bus 0000:0d: resource 2 [mem 0xe7200000-0xe72fffff 64bit pref]
[    0.324092] pci_bus 0000:0e: resource 1 [mem 0xfc700000-0xfc7fffff]
[    0.324093] pci_bus 0000:0e: resource 2 [mem 0xe6e00000-0xe6efffff 64bit pref]
[    0.324094] pci_bus 0000:0f: resource 1 [mem 0xfc300000-0xfc3fffff]
[    0.324095] pci_bus 0000:0f: resource 2 [mem 0xe6a00000-0xe6afffff 64bit pref]
[    0.324096] pci_bus 0000:10: resource 1 [mem 0xfbf00000-0xfbffffff]
[    0.324097] pci_bus 0000:10: resource 2 [mem 0xe6600000-0xe66fffff 64bit pref]
[    0.324099] pci_bus 0000:11: resource 1 [mem 0xfbb00000-0xfbbfffff]
[    0.324099] pci_bus 0000:11: resource 2 [mem 0xe6200000-0xe62fffff 64bit pref]
[    0.324101] pci_bus 0000:12: resource 1 [mem 0xfb700000-0xfb7fffff]
[    0.324102] pci_bus 0000:12: resource 2 [mem 0xe5e00000-0xe5efffff 64bit pref]
[    0.324103] pci_bus 0000:13: resource 0 [io  0x6000-0x6fff]
[    0.324104] pci_bus 0000:13: resource 1 [mem 0xfd200000-0xfd2fffff]
[    0.324105] pci_bus 0000:13: resource 2 [mem 0xe7900000-0xe79fffff 64bit pref]
[    0.324107] pci_bus 0000:14: resource 0 [io  0xa000-0xafff]
[    0.324108] pci_bus 0000:14: resource 1 [mem 0xfce00000-0xfcefffff]
[    0.324109] pci_bus 0000:14: resource 2 [mem 0xe7500000-0xe75fffff 64bit pref]
[    0.324110] pci_bus 0000:15: resource 0 [io  0xe000-0xefff]
[    0.324111] pci_bus 0000:15: resource 1 [mem 0xfca00000-0xfcafffff]
[    0.324112] pci_bus 0000:15: resource 2 [mem 0xe7100000-0xe71fffff 64bit pref]
[    0.324113] pci_bus 0000:16: resource 1 [mem 0xfc600000-0xfc6fffff]
[    0.324114] pci_bus 0000:16: resource 2 [mem 0xe6d00000-0xe6dfffff 64bit pref]
[    0.324115] pci_bus 0000:17: resource 1 [mem 0xfc200000-0xfc2fffff]
[    0.324116] pci_bus 0000:17: resource 2 [mem 0xe6900000-0xe69fffff 64bit pref]
[    0.324117] pci_bus 0000:18: resource 1 [mem 0xfbe00000-0xfbefffff]
[    0.324118] pci_bus 0000:18: resource 2 [mem 0xe6500000-0xe65fffff 64bit pref]
[    0.324119] pci_bus 0000:19: resource 1 [mem 0xfba00000-0xfbafffff]
[    0.324120] pci_bus 0000:19: resource 2 [mem 0xe6100000-0xe61fffff 64bit pref]
[    0.324121] pci_bus 0000:1a: resource 1 [mem 0xfb600000-0xfb6fffff]
[    0.324122] pci_bus 0000:1a: resource 2 [mem 0xe5d00000-0xe5dfffff 64bit pref]
[    0.324123] pci_bus 0000:1b: resource 0 [io  0x7000-0x7fff]
[    0.324124] pci_bus 0000:1b: resource 1 [mem 0xfd100000-0xfd1fffff]
[    0.324125] pci_bus 0000:1b: resource 2 [mem 0xe7800000-0xe78fffff 64bit pref]
[    0.324126] pci_bus 0000:1c: resource 0 [io  0xb000-0xbfff]
[    0.324127] pci_bus 0000:1c: resource 1 [mem 0xfcd00000-0xfcdfffff]
[    0.324128] pci_bus 0000:1c: resource 2 [mem 0xe7400000-0xe74fffff 64bit pref]
[    0.324129] pci_bus 0000:1d: resource 1 [mem 0xfc900000-0xfc9fffff]
[    0.324130] pci_bus 0000:1d: resource 2 [mem 0xe7000000-0xe70fffff 64bit pref]
[    0.324132] pci_bus 0000:1e: resource 1 [mem 0xfc500000-0xfc5fffff]
[    0.324133] pci_bus 0000:1e: resource 2 [mem 0xe6c00000-0xe6cfffff 64bit pref]
[    0.324134] pci_bus 0000:1f: resource 1 [mem 0xfc100000-0xfc1fffff]
[    0.324135] pci_bus 0000:1f: resource 2 [mem 0xe6800000-0xe68fffff 64bit pref]
[    0.324136] pci_bus 0000:20: resource 1 [mem 0xfbd00000-0xfbdfffff]
[    0.324137] pci_bus 0000:20: resource 2 [mem 0xe6400000-0xe64fffff 64bit pref]
[    0.324138] pci_bus 0000:21: resource 1 [mem 0xfb900000-0xfb9fffff]
[    0.324139] pci_bus 0000:21: resource 2 [mem 0xe6000000-0xe60fffff 64bit pref]
[    0.324141] pci_bus 0000:22: resource 1 [mem 0xfb500000-0xfb5fffff]
[    0.324142] pci_bus 0000:22: resource 2 [mem 0xe5c00000-0xe5cfffff 64bit pref]
[    0.324180] NET: Registered protocol family 2
[    0.324380] TCP established hash table entries: 32768 (order: 6, 262144 bytes)
[    0.324455] TCP bind hash table entries: 32768 (order: 7, 524288 bytes)
[    0.324538] TCP: Hash tables configured (established 32768 bind 32768)
[    0.324587] UDP hash table entries: 2048 (order: 4, 65536 bytes)
[    0.324603] UDP-Lite hash table entries: 2048 (order: 4, 65536 bytes)
[    0.324653] NET: Registered protocol family 1
[    0.324667] pci 0000:00:00.0: Limiting direct PCI/PCI transfers
[    0.324722] pci 0000:00:0f.0: Video device with shadowed ROM
[    0.324958] PCI: CLS mismatch (32 != 64), using 64 bytes
[    0.325005] Unpacking initramfs...
[    0.788035] Freeing initrd memory: 35844K (ffff8800339ee000 - ffff880035cef000)
[    0.788050] PCI-DMA: Using software bounce buffering for IO (SWIOTLB)
[    0.788052] software IO TLB [mem 0xbbee0000-0xbfee0000] (64MB) mapped at [ffff8800bbee0000-ffff8800bfedffff]
[    0.788109] clocksource: tsc: mask: 0xffffffffffffffff max_cycles: 0x229835b7123, max_idle_ns: 440795242976 ns
[    0.788157] clocksource: Switched to clocksource tsc
[    0.788261] Scanning for low memory corruption every 60 seconds
[    0.788712] futex hash table entries: 1024 (order: 4, 65536 bytes)
[    0.788741] audit: initializing netlink subsys (disabled)
[    0.788763] audit: type=2000 audit(1554329417.763:1): initialized
[    0.788973] Initialise system trusted keyring
[    0.789142] HugeTLB registered 1 GB page size, pre-allocated 0 pages
[    0.789143] HugeTLB registered 2 MB page size, pre-allocated 0 pages
[    0.790367] zbud: loaded
[    0.790566] VFS: Disk quotas dquot_6.6.0
[    0.790595] VFS: Dquot-cache hash table entries: 512 (order 0, 4096 bytes)
[    0.790812] squashfs: version 4.0 (2009/01/31) Phillip Lougher
[    0.791066] fuse init (API version 7.23)
[    0.791182] Key type big_key registered
[    0.793021] Key type asymmetric registered
[    0.793024] Asymmetric key parser 'x509' registered
[    0.793057] Block layer SCSI generic (bsg) driver version 0.4 loaded (major 249)
[    0.793109] io scheduler noop registered
[    0.793112] io scheduler deadline registered
[    0.793142] io scheduler cfq registered (default)
[    0.804480] pcieport 0000:00:15.0: Signaling PME through PCIe PME interrupt
[    0.804483] pci 0000:03:00.0: Signaling PME through PCIe PME interrupt
[    0.804497] pcie_pme 0000:00:15.0:pcie01: service driver pcie_pme loaded
[    0.804617] pcieport 0000:00:15.1: Signaling PME through PCIe PME interrupt
[    0.804631] pcie_pme 0000:00:15.1:pcie01: service driver pcie_pme loaded
[    0.804735] pcieport 0000:00:15.2: Signaling PME through PCIe PME interrupt
[    0.804750] pcie_pme 0000:00:15.2:pcie01: service driver pcie_pme loaded
[    0.804851] pcieport 0000:00:15.3: Signaling PME through PCIe PME interrupt
[    0.804865] pcie_pme 0000:00:15.3:pcie01: service driver pcie_pme loaded
[    0.804967] pcieport 0000:00:15.4: Signaling PME through PCIe PME interrupt
[    0.804981] pcie_pme 0000:00:15.4:pcie01: service driver pcie_pme loaded
[    0.805085] pcieport 0000:00:15.5: Signaling PME through PCIe PME interrupt
[    0.805099] pcie_pme 0000:00:15.5:pcie01: service driver pcie_pme loaded
[    0.805201] pcieport 0000:00:15.6: Signaling PME through PCIe PME interrupt
[    0.805215] pcie_pme 0000:00:15.6:pcie01: service driver pcie_pme loaded
[    0.805317] pcieport 0000:00:15.7: Signaling PME through PCIe PME interrupt
[    0.805331] pcie_pme 0000:00:15.7:pcie01: service driver pcie_pme loaded
[    0.805433] pcieport 0000:00:16.0: Signaling PME through PCIe PME interrupt
[    0.805447] pcie_pme 0000:00:16.0:pcie01: service driver pcie_pme loaded
[    0.805549] pcieport 0000:00:16.1: Signaling PME through PCIe PME interrupt
[    0.805563] pcie_pme 0000:00:16.1:pcie01: service driver pcie_pme loaded
[    0.805666] pcieport 0000:00:16.2: Signaling PME through PCIe PME interrupt
[    0.805679] pcie_pme 0000:00:16.2:pcie01: service driver pcie_pme loaded
[    0.805782] pcieport 0000:00:16.3: Signaling PME through PCIe PME interrupt
[    0.805796] pcie_pme 0000:00:16.3:pcie01: service driver pcie_pme loaded
[    0.805898] pcieport 0000:00:16.4: Signaling PME through PCIe PME interrupt
[    0.805912] pcie_pme 0000:00:16.4:pcie01: service driver pcie_pme loaded
[    0.806013] pcieport 0000:00:16.5: Signaling PME through PCIe PME interrupt
[    0.806026] pcie_pme 0000:00:16.5:pcie01: service driver pcie_pme loaded
[    0.806130] pcieport 0000:00:16.6: Signaling PME through PCIe PME interrupt
[    0.806144] pcie_pme 0000:00:16.6:pcie01: service driver pcie_pme loaded
[    0.806247] pcieport 0000:00:16.7: Signaling PME through PCIe PME interrupt
[    0.806260] pcie_pme 0000:00:16.7:pcie01: service driver pcie_pme loaded
[    0.806362] pcieport 0000:00:17.0: Signaling PME through PCIe PME interrupt
[    0.806376] pcie_pme 0000:00:17.0:pcie01: service driver pcie_pme loaded
[    0.806479] pcieport 0000:00:17.1: Signaling PME through PCIe PME interrupt
[    0.806493] pcie_pme 0000:00:17.1:pcie01: service driver pcie_pme loaded
[    0.806597] pcieport 0000:00:17.2: Signaling PME through PCIe PME interrupt
[    0.806611] pcie_pme 0000:00:17.2:pcie01: service driver pcie_pme loaded
[    0.806725] pcieport 0000:00:17.3: Signaling PME through PCIe PME interrupt
[    0.806740] pcie_pme 0000:00:17.3:pcie01: service driver pcie_pme loaded
[    0.806844] pcieport 0000:00:17.4: Signaling PME through PCIe PME interrupt
[    0.806858] pcie_pme 0000:00:17.4:pcie01: service driver pcie_pme loaded
[    0.806961] pcieport 0000:00:17.5: Signaling PME through PCIe PME interrupt
[    0.806975] pcie_pme 0000:00:17.5:pcie01: service driver pcie_pme loaded
[    0.807076] pcieport 0000:00:17.6: Signaling PME through PCIe PME interrupt
[    0.807089] pcie_pme 0000:00:17.6:pcie01: service driver pcie_pme loaded
[    0.807192] pcieport 0000:00:17.7: Signaling PME through PCIe PME interrupt
[    0.807206] pcie_pme 0000:00:17.7:pcie01: service driver pcie_pme loaded
[    0.807309] pcieport 0000:00:18.0: Signaling PME through PCIe PME interrupt
[    0.807322] pcie_pme 0000:00:18.0:pcie01: service driver pcie_pme loaded
[    0.807423] pcieport 0000:00:18.1: Signaling PME through PCIe PME interrupt
[    0.807437] pcie_pme 0000:00:18.1:pcie01: service driver pcie_pme loaded
[    0.807541] pcieport 0000:00:18.2: Signaling PME through PCIe PME interrupt
[    0.807555] pcie_pme 0000:00:18.2:pcie01: service driver pcie_pme loaded
[    0.807658] pcieport 0000:00:18.3: Signaling PME through PCIe PME interrupt
[    0.807672] pcie_pme 0000:00:18.3:pcie01: service driver pcie_pme loaded
[    0.807774] pcieport 0000:00:18.4: Signaling PME through PCIe PME interrupt
[    0.807787] pcie_pme 0000:00:18.4:pcie01: service driver pcie_pme loaded
[    0.807889] pcieport 0000:00:18.5: Signaling PME through PCIe PME interrupt
[    0.807903] pcie_pme 0000:00:18.5:pcie01: service driver pcie_pme loaded
[    0.808005] pcieport 0000:00:18.6: Signaling PME through PCIe PME interrupt
[    0.808019] pcie_pme 0000:00:18.6:pcie01: service driver pcie_pme loaded
[    0.808119] pcieport 0000:00:18.7: Signaling PME through PCIe PME interrupt
[    0.808133] pcie_pme 0000:00:18.7:pcie01: service driver pcie_pme loaded
[    0.808142] pci_hotplug: PCI Hot Plug PCI Core version: 0.5
[    0.808170] pciehp 0000:00:15.0:pcie04: Slot #160 AttnBtn+ PwrCtrl+ MRL- AttnInd- PwrInd- HotPlug+ Surprise- Interlock- NoCompl+ LLActRep+
[    0.808236] pciehp 0000:00:15.0:pcie04: service driver pciehp loaded
[    0.808259] pciehp 0000:00:15.1:pcie04: Slot #161 AttnBtn+ PwrCtrl+ MRL- AttnInd- PwrInd- HotPlug+ Surprise- Interlock- NoCompl+ LLActRep+
[    0.808303] pciehp 0000:00:15.1:pcie04: service driver pciehp loaded
[    0.808326] pciehp 0000:00:15.2:pcie04: Slot #162 AttnBtn+ PwrCtrl+ MRL- AttnInd- PwrInd- HotPlug+ Surprise- Interlock- NoCompl+ LLActRep+
[    0.808370] pciehp 0000:00:15.2:pcie04: service driver pciehp loaded
[    0.808393] pciehp 0000:00:15.3:pcie04: Slot #163 AttnBtn+ PwrCtrl+ MRL- AttnInd- PwrInd- HotPlug+ Surprise- Interlock- NoCompl+ LLActRep+
[    0.808436] pciehp 0000:00:15.3:pcie04: service driver pciehp loaded
[    0.808461] pciehp 0000:00:15.4:pcie04: Slot #164 AttnBtn+ PwrCtrl+ MRL- AttnInd- PwrInd- HotPlug+ Surprise- Interlock- NoCompl+ LLActRep+
[    0.808502] pciehp 0000:00:15.4:pcie04: service driver pciehp loaded
[    0.808526] pciehp 0000:00:15.5:pcie04: Slot #165 AttnBtn+ PwrCtrl+ MRL- AttnInd- PwrInd- HotPlug+ Surprise- Interlock- NoCompl+ LLActRep+
[    0.808575] pciehp 0000:00:15.5:pcie04: service driver pciehp loaded
[    0.808599] pciehp 0000:00:15.6:pcie04: Slot #166 AttnBtn+ PwrCtrl+ MRL- AttnInd- PwrInd- HotPlug+ Surprise- Interlock- NoCompl+ LLActRep+
[    0.808641] pciehp 0000:00:15.6:pcie04: service driver pciehp loaded
[    0.808665] pciehp 0000:00:15.7:pcie04: Slot #167 AttnBtn+ PwrCtrl+ MRL- AttnInd- PwrInd- HotPlug+ Surprise- Interlock- NoCompl+ LLActRep+
[    0.808706] pciehp 0000:00:15.7:pcie04: service driver pciehp loaded
[    0.808730] pciehp 0000:00:16.0:pcie04: Slot #192 AttnBtn+ PwrCtrl+ MRL- AttnInd- PwrInd- HotPlug+ Surprise- Interlock- NoCompl+ LLActRep+
[    0.808771] pciehp 0000:00:16.0:pcie04: service driver pciehp loaded
[    0.808795] pciehp 0000:00:16.1:pcie04: Slot #193 AttnBtn+ PwrCtrl+ MRL- AttnInd- PwrInd- HotPlug+ Surprise- Interlock- NoCompl+ LLActRep+
[    0.808835] pciehp 0000:00:16.1:pcie04: service driver pciehp loaded
[    0.808859] pciehp 0000:00:16.2:pcie04: Slot #194 AttnBtn+ PwrCtrl+ MRL- AttnInd- PwrInd- HotPlug+ Surprise- Interlock- NoCompl+ LLActRep+
[    0.808899] pciehp 0000:00:16.2:pcie04: service driver pciehp loaded
[    0.808923] pciehp 0000:00:16.3:pcie04: Slot #195 AttnBtn+ PwrCtrl+ MRL- AttnInd- PwrInd- HotPlug+ Surprise- Interlock- NoCompl+ LLActRep+
[    0.808964] pciehp 0000:00:16.3:pcie04: service driver pciehp loaded
[    0.808987] pciehp 0000:00:16.4:pcie04: Slot #196 AttnBtn+ PwrCtrl+ MRL- AttnInd- PwrInd- HotPlug+ Surprise- Interlock- NoCompl+ LLActRep+
[    0.809028] pciehp 0000:00:16.4:pcie04: service driver pciehp loaded
[    0.809051] pciehp 0000:00:16.5:pcie04: Slot #197 AttnBtn+ PwrCtrl+ MRL- AttnInd- PwrInd- HotPlug+ Surprise- Interlock- NoCompl+ LLActRep+
[    0.809092] pciehp 0000:00:16.5:pcie04: service driver pciehp loaded
[    0.809116] pciehp 0000:00:16.6:pcie04: Slot #198 AttnBtn+ PwrCtrl+ MRL- AttnInd- PwrInd- HotPlug+ Surprise- Interlock- NoCompl+ LLActRep+
[    0.809158] pciehp 0000:00:16.6:pcie04: service driver pciehp loaded
[    0.809182] pciehp 0000:00:16.7:pcie04: Slot #199 AttnBtn+ PwrCtrl+ MRL- AttnInd- PwrInd- HotPlug+ Surprise- Interlock- NoCompl+ LLActRep+
[    0.809224] pciehp 0000:00:16.7:pcie04: service driver pciehp loaded
[    0.809248] pciehp 0000:00:17.0:pcie04: Slot #224 AttnBtn+ PwrCtrl+ MRL- AttnInd- PwrInd- HotPlug+ Surprise- Interlock- NoCompl+ LLActRep+
[    0.809305] pciehp 0000:00:17.0:pcie04: service driver pciehp loaded
[    0.809328] pciehp 0000:00:17.1:pcie04: Slot #225 AttnBtn+ PwrCtrl+ MRL- AttnInd- PwrInd- HotPlug+ Surprise- Interlock- NoCompl+ LLActRep+
[    0.809370] pciehp 0000:00:17.1:pcie04: service driver pciehp loaded
[    0.809393] pciehp 0000:00:17.2:pcie04: Slot #226 AttnBtn+ PwrCtrl+ MRL- AttnInd- PwrInd- HotPlug+ Surprise- Interlock- NoCompl+ LLActRep+
[    0.809436] pciehp 0000:00:17.2:pcie04: service driver pciehp loaded
[    0.809460] pciehp 0000:00:17.3:pcie04: Slot #227 AttnBtn+ PwrCtrl+ MRL- AttnInd- PwrInd- HotPlug+ Surprise- Interlock- NoCompl+ LLActRep+
[    0.809502] pciehp 0000:00:17.3:pcie04: service driver pciehp loaded
[    0.809525] pciehp 0000:00:17.4:pcie04: Slot #228 AttnBtn+ PwrCtrl+ MRL- AttnInd- PwrInd- HotPlug+ Surprise- Interlock- NoCompl+ LLActRep+
[    0.809567] pciehp 0000:00:17.4:pcie04: service driver pciehp loaded
[    0.809591] pciehp 0000:00:17.5:pcie04: Slot #229 AttnBtn+ PwrCtrl+ MRL- AttnInd- PwrInd- HotPlug+ Surprise- Interlock- NoCompl+ LLActRep+
[    0.809634] pciehp 0000:00:17.5:pcie04: service driver pciehp loaded
[    0.809657] pciehp 0000:00:17.6:pcie04: Slot #230 AttnBtn+ PwrCtrl+ MRL- AttnInd- PwrInd- HotPlug+ Surprise- Interlock- NoCompl+ LLActRep+
[    0.809699] pciehp 0000:00:17.6:pcie04: service driver pciehp loaded
[    0.809723] pciehp 0000:00:17.7:pcie04: Slot #231 AttnBtn+ PwrCtrl+ MRL- AttnInd- PwrInd- HotPlug+ Surprise- Interlock- NoCompl+ LLActRep+
[    0.809765] pciehp 0000:00:17.7:pcie04: service driver pciehp loaded
[    0.809788] pciehp 0000:00:18.0:pcie04: Slot #256 AttnBtn+ PwrCtrl+ MRL- AttnInd- PwrInd- HotPlug+ Surprise- Interlock- NoCompl+ LLActRep+
[    0.809831] pciehp 0000:00:18.0:pcie04: service driver pciehp loaded
[    0.809855] pciehp 0000:00:18.1:pcie04: Slot #257 AttnBtn+ PwrCtrl+ MRL- AttnInd- PwrInd- HotPlug+ Surprise- Interlock- NoCompl+ LLActRep+
[    0.809896] pciehp 0000:00:18.1:pcie04: service driver pciehp loaded
[    0.809920] pciehp 0000:00:18.2:pcie04: Slot #258 AttnBtn+ PwrCtrl+ MRL- AttnInd- PwrInd- HotPlug+ Surprise- Interlock- NoCompl+ LLActRep+
[    0.809961] pciehp 0000:00:18.2:pcie04: service driver pciehp loaded
[    0.809984] pciehp 0000:00:18.3:pcie04: Slot #259 AttnBtn+ PwrCtrl+ MRL- AttnInd- PwrInd- HotPlug+ Surprise- Interlock- NoCompl+ LLActRep+
[    0.810027] pciehp 0000:00:18.3:pcie04: service driver pciehp loaded
[    0.810050] pciehp 0000:00:18.4:pcie04: Slot #260 AttnBtn+ PwrCtrl+ MRL- AttnInd- PwrInd- HotPlug+ Surprise- Interlock- NoCompl+ LLActRep+
[    0.810093] pciehp 0000:00:18.4:pcie04: service driver pciehp loaded
[    0.810116] pciehp 0000:00:18.5:pcie04: Slot #261 AttnBtn+ PwrCtrl+ MRL- AttnInd- PwrInd- HotPlug+ Surprise- Interlock- NoCompl+ LLActRep+
[    0.810158] pciehp 0000:00:18.5:pcie04: service driver pciehp loaded
[    0.810181] pciehp 0000:00:18.6:pcie04: Slot #262 AttnBtn+ PwrCtrl+ MRL- AttnInd- PwrInd- HotPlug+ Surprise- Interlock- NoCompl+ LLActRep+
[    0.810222] pciehp 0000:00:18.6:pcie04: service driver pciehp loaded
[    0.810245] pciehp 0000:00:18.7:pcie04: Slot #263 AttnBtn+ PwrCtrl+ MRL- AttnInd- PwrInd- HotPlug+ Surprise- Interlock- NoCompl+ LLActRep+
[    0.810295] pciehp 0000:00:18.7:pcie04: service driver pciehp loaded
[    0.810299] pciehp: PCI Express Hot Plug Controller Driver version: 0.4
[    0.810350] intel_idle: does not run on family 6 model 79
[    0.810561] ACPI: AC Adapter [ACAD] (on-line)
[    0.810630] input: Power Button as /devices/LNXSYSTM:00/LNXPWRBN:00/input/input0
[    0.810634] ACPI: Power Button [PWRF]
[    0.811164] GHES: HEST is not enabled!
[    0.811283] Serial: 8250/16550 driver, 32 ports, IRQ sharing enabled
[    0.812981] Linux agpgart interface v0.103
[    0.813070] agpgart-intel 0000:00:00.0: Intel 440BX Chipset
[    0.813976] agpgart-intel 0000:00:00.0: AGP aperture is 256M @ 0x0
[    0.815577] loop: module loaded
[    0.815604] usbcore: registered new interface driver rtsx_usb
[    0.815712] ata_piix 0000:00:07.1: version 2.13
[    0.816125] scsi host0: ata_piix
[    0.816223] scsi host1: ata_piix
[    0.816251] ata1: PATA max UDMA/33 cmd 0x1f0 ctl 0x3f6 bmdma 0x1060 irq 14
[    0.816252] ata2: PATA max UDMA/33 cmd 0x170 ctl 0x376 bmdma 0x1068 irq 15
[    0.816324] libphy: Fixed MDIO Bus: probed
[    0.816332] tun: Universal TUN/TAP device driver, 1.6
[    0.816333] tun: (C) 1999-2004 Max Krasnyansky <maxk@qualcomm.com>
[    0.816541] PPP generic driver version 2.4.2
[    0.816723] ehci_hcd: USB 2.0 'Enhanced' Host Controller (EHCI) Driver
[    0.816728] ehci-pci: EHCI PCI platform driver
[    0.816739] ehci-platform: EHCI generic platform driver
[    0.816746] ohci_hcd: USB 1.1 'Open' Host Controller (OHCI) Driver
[    0.816750] ohci-pci: OHCI PCI platform driver
[    0.816761] ohci-platform: OHCI generic platform driver
[    0.816767] uhci_hcd: USB Universal Host Controller Interface driver
[    0.816822] i8042: PNP: PS/2 Controller [PNP0303:KBC,PNP0f13:MOUS] at 0x60,0x64 irq 1,12
[    0.817438] serio: i8042 KBD port at 0x60,0x64 irq 1
[    0.817443] serio: i8042 AUX port at 0x60,0x64 irq 12
[    0.817581] mousedev: PS/2 mouse device common for all mice
[    0.818056] rtc_cmos 00:01: rtc core: registered rtc_cmos as rtc0
[    0.818117] rtc_cmos 00:01: alarms up to one month, y3k, 114 bytes nvram, hpet irqs
[    0.818125] i2c /dev entries driver
[    0.818219] device-mapper: uevent: version 1.0.3
[    0.818287] device-mapper: ioctl: 4.34.0-ioctl (2015-10-28) initialised: dm-devel@redhat.com
[    0.818299] ledtrig-cpu: registered to indicate activity on CPUs
[    0.818805] NET: Registered protocol family 10
[    0.819050] input: AT Translated Set 2 keyboard as /devices/platform/i8042/serio0/input/input1
[    0.819151] NET: Registered protocol family 17
[    0.819164] Key type dns_resolver registered
[    0.819446] microcode: CPU0 sig=0x406f0, pf=0x1, revision=0xb00002e
[    0.819458] microcode: CPU1 sig=0x406f0, pf=0x1, revision=0xb00002e
[    0.819469] microcode: CPU2 sig=0x406f0, pf=0x1, revision=0xb00002e
[    0.819475] microcode: CPU3 sig=0x406f0, pf=0x1, revision=0xb00002e
[    0.819506] microcode: Microcode Update Driver: v2.01 <tigran@aivazian.fsnet.co.uk>, Peter Oruba
[    0.819683] registered taskstats version 1
[    0.819702] Loading compiled-in X.509 certificates
[    0.820329] Loaded X.509 cert 'Build time autogenerated kernel key: 90cfebb9c46c6cf8d6d21790d9d2bb1c63145d94'
[    0.820351] zswap: loaded using pool lzo/zbud
[    0.821748] Key type trusted registered
[    0.823990] Key type encrypted registered
[    0.823996] AppArmor: AppArmor sha1 policy hashing enabled
[    0.823999] ima: No TPM chip found, activating TPM-bypass!
[    0.824025] evm: HMAC attrs: 0x1
[    0.826755]   Magic number: 15:163:198
[    0.826863] acpi device:53: hash matches
[    0.826976] rtc_cmos 00:01: setting system clock to 2019-04-03 22:10:18 UTC (1554329418)
[    0.827054] BIOS EDD facility v0.16 2004-Jun-25, 0 devices found
[    0.827055] EDD information not available.
[    0.827107] PM: Hibernation image not present or could not be loaded.
[    0.991130] Freeing unused kernel memory: 1848K (ffffffff81f77000 - ffffffff82145000)
[    0.991134] Write protecting the kernel read-only data: 14336k
[    0.991903] Freeing unused kernel memory: 1780K (ffff880001843000 - ffff880001a00000)
[    0.992361] Freeing unused kernel memory: 204K (ffff880001dcd000 - ffff880001e00000)
[    0.997671] x86/mm: Checked W+X mappings: passed, no W+X pages found.
[    1.008286] random: systemd-udevd urandom read with 1 bits of entropy available
[    1.057193] FUJITSU Extended Socket Network Device Driver - version 1.0 - Copyright (c) 2015 FUJITSU LIMITED
[    1.065677] Floppy drive(s): fd0 is 1.44M
[    1.078068] pps_core: LinuxPPS API ver. 1 registered
[    1.078071] pps_core: Software ver. 5.3.6 - Copyright 2005-2007 Rodolfo Giometti <giometti@linux.it>
[    1.078884] PTP clock support registered
[    1.079711] ahci 0000:02:01.0: version 3.0
[    1.080651] ahci 0000:02:01.0: AHCI 0001.0300 32 slots 30 ports 6 Gbps 0x3fffffff impl SATA mode
[    1.080654] ahci 0000:02:01.0: flags: 64bit ncq clo only 
[    1.081488] FDC 0 is a post-1991 82077
[    1.083351] [drm] Initialized drm 1.1.0 20060810
[    1.085375] Fusion MPT base driver 3.04.20
[    1.085377] Copyright (c) 1999-2008 LSI Corporation
[    1.087252] Fusion MPT SPI Host driver 3.04.20
[    1.092345] input: VirtualPS/2 VMware VMMouse as /devices/platform/i8042/serio1/input/input4
[    1.092596] input: VirtualPS/2 VMware VMMouse as /devices/platform/i8042/serio1/input/input3
[    1.093136] scsi host2: ahci
[    1.098646] AVX2 version of gcm_enc/dec engaged.
[    1.098647] AES CTR mode by8 optimization enabled
[    1.099293] mptbase: ioc0: Initiating bringup
[    1.099375] scsi host3: ahci
[    1.100437] scsi host4: ahci
[    1.100539] scsi host5: ahci
[    1.100654] scsi host6: ahci
[    1.100725] scsi host7: ahci
[    1.100799] scsi host8: ahci
[    1.100873] scsi host9: ahci
[    1.100951] scsi host10: ahci
[    1.101024] scsi host11: ahci
[    1.101092] scsi host12: ahci
[    1.101161] scsi host13: ahci
[    1.101228] scsi host14: ahci
[    1.101296] scsi host15: ahci
[    1.101854] scsi host16: ahci
[    1.102030] scsi host17: ahci
[    1.104186] e1000e: Intel(R) PRO/1000 Network Driver - 3.2.6-k
[    1.104188] e1000e: Copyright(c) 1999 - 2015 Intel Corporation.
[    1.104589] scsi host18: ahci
[    1.104737] scsi host19: ahci
[    1.104817] scsi host20: ahci
[    1.104822] e1000e 0000:03:00.0: Interrupt Throttling Rate (ints/sec) set to dynamic conservative mode
[    1.108689] scsi host21: ahci
[    1.108760] scsi host22: ahci
[    1.108816] scsi host23: ahci
[    1.108867] scsi host24: ahci
[    1.109448] scsi host25: ahci
[    1.110174] scsi host26: ahci
[    1.110282] scsi host27: ahci
[    1.110364] scsi host28: ahci
[    1.110498] scsi host29: ahci
[    1.111176] scsi host30: ahci
[    1.111300] scsi host31: ahci
[    1.111370] ata3: SATA max UDMA/133 abar m4096@0xfd5ff000 port 0xfd5ff100 irq 56
[    1.111373] ata4: SATA max UDMA/133 abar m4096@0xfd5ff000 port 0xfd5ff180 irq 56
[    1.111374] ata5: SATA max UDMA/133 abar m4096@0xfd5ff000 port 0xfd5ff200 irq 56
[    1.111376] ata6: SATA max UDMA/133 abar m4096@0xfd5ff000 port 0xfd5ff280 irq 56
[    1.111377] ata7: SATA max UDMA/133 abar m4096@0xfd5ff000 port 0xfd5ff300 irq 56
[    1.111379] ata8: SATA max UDMA/133 abar m4096@0xfd5ff000 port 0xfd5ff380 irq 56
[    1.111381] ata9: SATA max UDMA/133 abar m4096@0xfd5ff000 port 0xfd5ff400 irq 56
[    1.111382] ata10: SATA max UDMA/133 abar m4096@0xfd5ff000 port 0xfd5ff480 irq 56
[    1.111384] ata11: SATA max UDMA/133 abar m4096@0xfd5ff000 port 0xfd5ff500 irq 56
[    1.111386] ata12: SATA max UDMA/133 abar m4096@0xfd5ff000 port 0xfd5ff580 irq 56
[    1.111387] ata13: SATA max UDMA/133 abar m4096@0xfd5ff000 port 0xfd5ff600 irq 56
[    1.111389] ata14: SATA max UDMA/133 abar m4096@0xfd5ff000 port 0xfd5ff680 irq 56
[    1.111391] ata15: SATA max UDMA/133 abar m4096@0xfd5ff000 port 0xfd5ff700 irq 56
[    1.111392] ata16: SATA max UDMA/133 abar m4096@0xfd5ff000 port 0xfd5ff780 irq 56
[    1.111394] ata17: SATA max UDMA/133 abar m4096@0xfd5ff000 port 0xfd5ff800 irq 56
[    1.111395] ata18: SATA max UDMA/133 abar m4096@0xfd5ff000 port 0xfd5ff880 irq 56
[    1.111397] ata19: SATA max UDMA/133 abar m4096@0xfd5ff000 port 0xfd5ff900 irq 56
[    1.111398] ata20: SATA max UDMA/133 abar m4096@0xfd5ff000 port 0xfd5ff980 irq 56
[    1.111400] ata21: SATA max UDMA/133 abar m4096@0xfd5ff000 port 0xfd5ffa00 irq 56
[    1.111402] ata22: SATA max UDMA/133 abar m4096@0xfd5ff000 port 0xfd5ffa80 irq 56
[    1.111403] ata23: SATA max UDMA/133 abar m4096@0xfd5ff000 port 0xfd5ffb00 irq 56
[    1.111405] ata24: SATA max UDMA/133 abar m4096@0xfd5ff000 port 0xfd5ffb80 irq 56
[    1.111406] ata25: SATA max UDMA/133 abar m4096@0xfd5ff000 port 0xfd5ffc00 irq 56
[    1.111408] ata26: SATA max UDMA/133 abar m4096@0xfd5ff000 port 0xfd5ffc80 irq 56
[    1.111409] ata27: SATA max UDMA/133 abar m4096@0xfd5ff000 port 0xfd5ffd00 irq 56
[    1.111411] ata28: SATA max UDMA/133 abar m4096@0xfd5ff000 port 0xfd5ffd80 irq 56
[    1.111413] ata29: SATA max UDMA/133 abar m4096@0xfd5ff000 port 0xfd5ffe00 irq 56
[    1.111414] ata30: SATA max UDMA/133 abar m4096@0xfd5ff000 port 0xfd5ffe80 irq 56
[    1.111416] ata31: SATA max UDMA/133 abar m4096@0xfd5ff000 port 0xfd5fff00 irq 56
[    1.111417] ata32: SATA max UDMA/133 abar m4096@0xfd5ff000 port 0xfd5fff80 irq 56
[    1.176790] ioc0: LSI53C1030 B0: Capabilities={Initiator}
[    1.218308] e1000e 0000:03:00.0 eth0: registered PHC clock
[    1.218313] e1000e 0000:03:00.0 eth0: (PCI Express:2.5GT/s:Width x1) 00:50:56:8d:89:35
[    1.218315] e1000e 0000:03:00.0 eth0: Intel(R) PRO/1000 Network Connection
[    1.218366] e1000e 0000:03:00.0 eth0: MAC: 3, PHY: 8, PBA No: 000000-000
[    1.337428] scsi host32: ioc0: LSI53C1030 B0, FwRev=01032920h, Ports=1, MaxQ=128, IRQ=17
[    1.424663] ata4: SATA link down (SStatus 0 SControl 300)
[    1.428611] ata7: SATA link down (SStatus 0 SControl 300)
[    1.428648] ata6: SATA link down (SStatus 0 SControl 300)
[    1.428686] ata3: SATA link up 6.0 Gbps (SStatus 133 SControl 300)
[    1.428809] ata5: SATA link down (SStatus 0 SControl 300)
[    1.428824] ata8: SATA link down (SStatus 0 SControl 300)
[    1.428844] ata3.00: ATAPI: VMware Virtual SATA CDRW Drive, 00000001, max UDMA/33
[    1.429073] ata3.00: configured for UDMA/33
[    1.429438] scsi 2:0:0:0: CD-ROM            NECVMWar VMware SATA CD00 1.00 PQ: 0 ANSI: 5
[    1.432629] ata9: SATA link down (SStatus 0 SControl 300)
[    1.432662] ata18: SATA link down (SStatus 0 SControl 300)
[    1.432699] ata19: SATA link down (SStatus 0 SControl 300)
[    1.436618] ata23: SATA link down (SStatus 0 SControl 300)
[    1.436716] ata11: SATA link down (SStatus 0 SControl 300)
[    1.436731] ata10: SATA link down (SStatus 0 SControl 300)
[    1.436746] ata21: SATA link down (SStatus 0 SControl 300)
[    1.436815] sr 2:0:0:0: [sr0] scsi3-mmc drive: 1x/1x writer dvd-ram cd/rw xa/form2 cdda tray
[    1.436817] cdrom: Uniform CD-ROM driver Revision: 3.20
[    1.436933] sr 2:0:0:0: Attached scsi CD-ROM sr0
[    1.436978] sr 2:0:0:0: Attached scsi generic sg0 type 5
[    1.440579] ata12: SATA link down (SStatus 0 SControl 300)
[    1.440621] ata27: SATA link down (SStatus 0 SControl 300)
[    1.440633] ata26: SATA link down (SStatus 0 SControl 300)
[    1.440646] ata25: SATA link down (SStatus 0 SControl 300)
[    1.440658] ata14: SATA link down (SStatus 0 SControl 300)
[    1.440668] ata24: SATA link down (SStatus 0 SControl 300)
[    1.440721] ata29: SATA link down (SStatus 0 SControl 300)
[    1.440737] ata31: SATA link down (SStatus 0 SControl 300)
[    1.440748] ata16: SATA link down (SStatus 0 SControl 300)
[    1.440759] ata28: SATA link down (SStatus 0 SControl 300)
[    1.440787] ata32: SATA link down (SStatus 0 SControl 300)
[    1.440802] ata15: SATA link down (SStatus 0 SControl 300)
[    1.440811] ata22: SATA link down (SStatus 0 SControl 300)
[    1.440819] ata30: SATA link down (SStatus 0 SControl 300)
[    1.440837] ata17: SATA link down (SStatus 0 SControl 300)
[    1.440845] ata13: SATA link down (SStatus 0 SControl 300)
[    1.440853] ata20: SATA link down (SStatus 0 SControl 300)
[    1.448782] scsi 32:0:0:0: Direct-Access     VMware   Virtual disk     2.0  PQ: 0 ANSI: 6
[    1.448791] scsi target32:0:0: Beginning Domain Validation
[    1.449175] scsi target32:0:0: Domain Validation skipping write tests
[    1.449177] scsi target32:0:0: Ending Domain Validation
[    1.449228] scsi target32:0:0: FAST-80 WIDE SCSI 160.0 MB/s DT (12.5 ns, offset 127)
[    1.449300] [drm] DMA map mode: Using physical TTM page addresses.
[    1.449443] [drm] Capabilities:
[    1.449445] [drm]   Rect copy.
[    1.449445] [drm]   Cursor.
[    1.449446] [drm]   Cursor bypass.
[    1.449446] [drm]   Cursor bypass 2.
[    1.449447] [drm]   8bit emulation.
[    1.449447] [drm]   Alpha cursor.
[    1.449448] [drm]   Extended Fifo.
[    1.449448] [drm]   Multimon.
[    1.449449] [drm]   Pitchlock.
[    1.449449] [drm]   Irq mask.
[    1.449450] [drm]   Display Topology.
[    1.449450] [drm]   GMR.
[    1.449451] [drm]   Traces.
[    1.449451] [drm]   GMR2.
[    1.449452] [drm]   Screen Object 2.
[    1.449453] [drm]   Command Buffers.
[    1.449453] [drm]   Command Buffers 2.
[    1.449454] [drm]   Guest Backed Resources.
[    1.449454] [drm]   DX Features.
[    1.449455] [drm] Max GMR ids is 64
[    1.449456] [drm] Max number of GMR pages is 65536
[    1.449456] [drm] Max dedicated hypervisor surface memory is 0 kiB
[    1.449457] [drm] Maximum display memory size is 4096 kiB
[    1.449458] [drm] VRAM at 0xe8000000 size is 4096 kiB
[    1.449459] [drm] MMIO at 0xfe000000 size is 256 kiB
[    1.449461] [drm] global init.
[    1.449507] [TTM] Zone  kernel: Available graphics memory: 2022490 kiB
[    1.449508] [TTM] Initializing pool allocator
[    1.449512] [TTM] Initializing DMA pool allocator
[    1.449657] [drm] Supports vblank timestamp caching Rev 2 (21.10.2013).
[    1.449658] [drm] No driver support for vblank timestamp query.
[    1.449890] [drm] Screen Target Display device initialized
[    1.449943] [drm] width 640
[    1.449948] [drm] height 480
[    1.449954] [drm] bpp 32
[    1.451138] [drm] Fifo max 0x00040000 min 0x00001000 cap 0x0000077f
[    1.452143] [drm] Using command buffers with DMA pool.
[    1.452154] [drm] DX: no.
[    1.453931] sd 32:0:0:0: Attached scsi generic sg1 type 0
[    1.454031] sd 32:0:0:0: [sda] 125829120 512-byte logical blocks: (64.4 GB/60.0 GiB)
[    1.454193] sd 32:0:0:0: [sda] Write Protect is off
[    1.454196] sd 32:0:0:0: [sda] Mode Sense: 61 00 00 00
[    1.454218] sd 32:0:0:0: [sda] Cache data unavailable
[    1.454221] sd 32:0:0:0: [sda] Assuming drive cache: write through
[    1.454385] fbcon: svgadrmfb (fb0) is primary device
[    1.456186]  sda: sda1 sda2
[    1.456878] Console: switching to colour frame buffer device 100x37
[    1.457072] sd 32:0:0:0: [sda] Attached SCSI disk
[    1.470863] [drm] Initialized vmwgfx 2.9.0 20150810 for 0000:00:0f.0 on minor 0
[    1.541040] md: linear personality registered for level -1
[    1.543083] md: multipath personality registered for level -4
[    1.545254] md: raid0 personality registered for level 0
[    1.547144] md: raid1 personality registered for level 1
[    1.616565] raid6: sse2x1   gen()  9097 MB/s
[    1.684567] raid6: sse2x1   xor()  7011 MB/s
[    1.752568] raid6: sse2x2   gen() 11361 MB/s
[    1.820568] raid6: sse2x2   xor()  7515 MB/s
[    1.888566] raid6: sse2x4   gen() 13137 MB/s
[    1.956564] raid6: sse2x4   xor()  9244 MB/s
[    2.024563] raid6: avx2x1   gen() 17797 MB/s
[    2.092569] raid6: avx2x2   gen() 20346 MB/s
[    2.160565] raid6: avx2x4   gen() 22925 MB/s
[    2.160568] raid6: using algorithm avx2x4 gen() 22925 MB/s
[    2.160569] raid6: using avx2x2 recovery algorithm
[    2.161554] xor: automatically using best checksumming function:
[    2.200570]    avx       : 28619.000 MB/sec
[    2.201940] async_tx: api initialized (async)
[    2.207016] md: raid6 personality registered for level 6
[    2.207018] md: raid5 personality registered for level 5
[    2.207019] md: raid4 personality registered for level 4
[    2.211060] md: raid10 personality registered for level 10
[    2.510033] Btrfs loaded
[    2.572616] blk_update_request: I/O error, dev fd0, sector 0
[    2.572647] floppy: error -5 while reading block 0
[    2.622966] SGI XFS with ACLs, security attributes, realtime, no debug enabled
[    2.625845] XFS (dm-0): Mounting V5 Filesystem
[    2.644094] XFS (dm-0): Ending clean mount
[    2.740897] systemd[1]: systemd 229 running in system mode. (+PAM +AUDIT +SELINUX +IMA +APPARMOR +SMACK +SYSVINIT +UTMP +LIBCRYPTSETUP +GCRYPT +GNUTLS +ACL +XZ -LZ4 +SECCOMP +BLKID +ELFUTILS +KMOD -IDN)
[    2.740927] systemd[1]: Detected virtualization vmware.
[    2.740931] systemd[1]: Detected architecture x86-64.
[    2.741690] systemd[1]: Set hostname to <sp19-cs423-061>.
[    2.865558] systemd[1]: Listening on Device-mapper event daemon FIFOs.
[    2.865865] systemd[1]: Created slice User and Session Slice.
[    2.865902] systemd[1]: Started Trigger resolvconf update for networkd DNS.
[    2.865959] systemd[1]: Listening on Journal Audit Socket.
[    2.866002] systemd[1]: Listening on Journal Socket.
[    2.866029] systemd[1]: Listening on Journal Socket (/dev/log).
[    2.866043] systemd[1]: Listening on Syslog Socket.
[    2.866049] systemd[1]: Reached target Encrypted Volumes.
[    2.866065] systemd[1]: Listening on LVM2 poll daemon socket.
